Archive member included to satisfy reference by file (symbol)

d:/programi/stm/stm32cubeide_1.4.0/stm32cubeide/plugins/com.st.stm32cube.ide.mcu.externaltools.gnu-tools-for-stm32.7-2018-q2-update.win32_1.4.0.202007081208/tools/bin/../lib/gcc/arm-none-eabi/7.3.1/../../../../arm-none-eabi/lib/thumb/v7e-m/fpv4-sp/hard\libc_nano.a(lib_a-errno.o)
                              Core/Src/syscalls.o (__errno)
d:/programi/stm/stm32cubeide_1.4.0/stm32cubeide/plugins/com.st.stm32cube.ide.mcu.externaltools.gnu-tools-for-stm32.7-2018-q2-update.win32_1.4.0.202007081208/tools/bin/../lib/gcc/arm-none-eabi/7.3.1/../../../../arm-none-eabi/lib/thumb/v7e-m/fpv4-sp/hard\libc_nano.a(lib_a-exit.o)
                              d:/programi/stm/stm32cubeide_1.4.0/stm32cubeide/plugins/com.st.stm32cube.ide.mcu.externaltools.gnu-tools-for-stm32.7-2018-q2-update.win32_1.4.0.202007081208/tools/bin/../lib/gcc/arm-none-eabi/7.3.1/../../../../arm-none-eabi/lib/thumb/v7e-m/fpv4-sp/hard/crt0.o (exit)
d:/programi/stm/stm32cubeide_1.4.0/stm32cubeide/plugins/com.st.stm32cube.ide.mcu.externaltools.gnu-tools-for-stm32.7-2018-q2-update.win32_1.4.0.202007081208/tools/bin/../lib/gcc/arm-none-eabi/7.3.1/../../../../arm-none-eabi/lib/thumb/v7e-m/fpv4-sp/hard\libc_nano.a(lib_a-impure.o)
                              d:/programi/stm/stm32cubeide_1.4.0/stm32cubeide/plugins/com.st.stm32cube.ide.mcu.externaltools.gnu-tools-for-stm32.7-2018-q2-update.win32_1.4.0.202007081208/tools/bin/../lib/gcc/arm-none-eabi/7.3.1/../../../../arm-none-eabi/lib/thumb/v7e-m/fpv4-sp/hard\libc_nano.a(lib_a-exit.o) (_global_impure_ptr)
d:/programi/stm/stm32cubeide_1.4.0/stm32cubeide/plugins/com.st.stm32cube.ide.mcu.externaltools.gnu-tools-for-stm32.7-2018-q2-update.win32_1.4.0.202007081208/tools/bin/../lib/gcc/arm-none-eabi/7.3.1/../../../../arm-none-eabi/lib/thumb/v7e-m/fpv4-sp/hard\libc_nano.a(lib_a-init.o)
                              d:/programi/stm/stm32cubeide_1.4.0/stm32cubeide/plugins/com.st.stm32cube.ide.mcu.externaltools.gnu-tools-for-stm32.7-2018-q2-update.win32_1.4.0.202007081208/tools/bin/../lib/gcc/arm-none-eabi/7.3.1/../../../../arm-none-eabi/lib/thumb/v7e-m/fpv4-sp/hard/crt0.o (__libc_init_array)
d:/programi/stm/stm32cubeide_1.4.0/stm32cubeide/plugins/com.st.stm32cube.ide.mcu.externaltools.gnu-tools-for-stm32.7-2018-q2-update.win32_1.4.0.202007081208/tools/bin/../lib/gcc/arm-none-eabi/7.3.1/../../../../arm-none-eabi/lib/thumb/v7e-m/fpv4-sp/hard\libc_nano.a(lib_a-malloc.o)
                              Middlewares/ST/STM32_USB_Device_Library/Class/CustomHID/Src/usbd_customhid.o (malloc)
d:/programi/stm/stm32cubeide_1.4.0/stm32cubeide/plugins/com.st.stm32cube.ide.mcu.externaltools.gnu-tools-for-stm32.7-2018-q2-update.win32_1.4.0.202007081208/tools/bin/../lib/gcc/arm-none-eabi/7.3.1/../../../../arm-none-eabi/lib/thumb/v7e-m/fpv4-sp/hard\libc_nano.a(lib_a-memset.o)
                              d:/programi/stm/stm32cubeide_1.4.0/stm32cubeide/plugins/com.st.stm32cube.ide.mcu.externaltools.gnu-tools-for-stm32.7-2018-q2-update.win32_1.4.0.202007081208/tools/bin/../lib/gcc/arm-none-eabi/7.3.1/../../../../arm-none-eabi/lib/thumb/v7e-m/fpv4-sp/hard/crt0.o (memset)
d:/programi/stm/stm32cubeide_1.4.0/stm32cubeide/plugins/com.st.stm32cube.ide.mcu.externaltools.gnu-tools-for-stm32.7-2018-q2-update.win32_1.4.0.202007081208/tools/bin/../lib/gcc/arm-none-eabi/7.3.1/../../../../arm-none-eabi/lib/thumb/v7e-m/fpv4-sp/hard\libc_nano.a(lib_a-nano-freer.o)
                              d:/programi/stm/stm32cubeide_1.4.0/stm32cubeide/plugins/com.st.stm32cube.ide.mcu.externaltools.gnu-tools-for-stm32.7-2018-q2-update.win32_1.4.0.202007081208/tools/bin/../lib/gcc/arm-none-eabi/7.3.1/../../../../arm-none-eabi/lib/thumb/v7e-m/fpv4-sp/hard\libc_nano.a(lib_a-malloc.o) (_free_r)
d:/programi/stm/stm32cubeide_1.4.0/stm32cubeide/plugins/com.st.stm32cube.ide.mcu.externaltools.gnu-tools-for-stm32.7-2018-q2-update.win32_1.4.0.202007081208/tools/bin/../lib/gcc/arm-none-eabi/7.3.1/../../../../arm-none-eabi/lib/thumb/v7e-m/fpv4-sp/hard\libc_nano.a(lib_a-nano-mallocr.o)
                              d:/programi/stm/stm32cubeide_1.4.0/stm32cubeide/plugins/com.st.stm32cube.ide.mcu.externaltools.gnu-tools-for-stm32.7-2018-q2-update.win32_1.4.0.202007081208/tools/bin/../lib/gcc/arm-none-eabi/7.3.1/../../../../arm-none-eabi/lib/thumb/v7e-m/fpv4-sp/hard\libc_nano.a(lib_a-malloc.o) (_malloc_r)
d:/programi/stm/stm32cubeide_1.4.0/stm32cubeide/plugins/com.st.stm32cube.ide.mcu.externaltools.gnu-tools-for-stm32.7-2018-q2-update.win32_1.4.0.202007081208/tools/bin/../lib/gcc/arm-none-eabi/7.3.1/../../../../arm-none-eabi/lib/thumb/v7e-m/fpv4-sp/hard\libc_nano.a(lib_a-sbrkr.o)
                              d:/programi/stm/stm32cubeide_1.4.0/stm32cubeide/plugins/com.st.stm32cube.ide.mcu.externaltools.gnu-tools-for-stm32.7-2018-q2-update.win32_1.4.0.202007081208/tools/bin/../lib/gcc/arm-none-eabi/7.3.1/../../../../arm-none-eabi/lib/thumb/v7e-m/fpv4-sp/hard\libc_nano.a(lib_a-nano-mallocr.o) (_sbrk_r)
[...]
Memory Configuration

Name             Origin             Length             Attributes
RAM              0x0000000020000000 0x0000000000020000 xrw
FLASH            0x0000000008000000 0x0000000000080000 xr
*default*        0x0000000000000000 0xffffffffffffffff

Linker script and memory map

LOAD d:/programi/stm/stm32cubeide_1.4.0/stm32cubeide/plugins/com.st.stm32cube.ide.mcu.externaltools.gnu-tools-for-stm32.7-2018-q2-update.win32_1.4.0.202007081208/tools/bin/../lib/gcc/arm-none-eabi/7.3.1/thumb/v7e-m/fpv4-sp/hard/crti.o
LOAD d:/programi/stm/stm32cubeide_1.4.0/stm32cubeide/plugins/com.st.stm32cube.ide.mcu.externaltools.gnu-tools-for-stm32.7-2018-q2-update.win32_1.4.0.202007081208/tools/bin/../lib/gcc/arm-none-eabi/7.3.1/thumb/v7e-m/fpv4-sp/hard/crtbegin.o
LOAD d:/programi/stm/stm32cubeide_1.4.0/stm32cubeide/plugins/com.st.stm32cube.ide.mcu.externaltools.gnu-tools-for-stm32.7-2018-q2-update.win32_1.4.0.202007081208/tools/bin/../lib/gcc/arm-none-eabi/7.3.1/../../../../arm-none-eabi/lib/thumb/v7e-m/fpv4-sp/hard/crt0.o
LOAD Core/Src/main.o
LOAD Core/Src/stm32f4xx_hal_msp.o
LOAD Core/Src/stm32f4xx_it.o
LOAD Core/Src/syscalls.o
LOAD Core/Src/sysmem.o
LOAD Core/Src/system_stm32f4xx.o
LOAD Core/Startup/startup_stm32f411vetx.o
LOAD Drivers/STM32F4xx_HAL_Driver/Src/stm32f4xx_hal.o
LOAD Drivers/STM32F4xx_HAL_Driver/Src/stm32f4xx_hal_cortex.o
LOAD Drivers/STM32F4xx_HAL_Driver/Src/stm32f4xx_hal_dma.o
LOAD Drivers/STM32F4xx_HAL_Driver/Src/stm32f4xx_hal_dma_ex.o
LOAD Drivers/STM32F4xx_HAL_Driver/Src/stm32f4xx_hal_exti.o
LOAD Drivers/STM32F4xx_HAL_Driver/Src/stm32f4xx_hal_flash.o
LOAD Drivers/STM32F4xx_HAL_Driver/Src/stm32f4xx_hal_flash_ex.o
LOAD Drivers/STM32F4xx_HAL_Driver/Src/stm32f4xx_hal_flash_ramfunc.o
LOAD Drivers/STM32F4xx_HAL_Driver/Src/stm32f4xx_hal_gpio.o
LOAD Drivers/STM32F4xx_HAL_Driver/Src/stm32f4xx_hal_i2c.o
LOAD Drivers/STM32F4xx_HAL_Driver/Src/stm32f4xx_hal_i2c_ex.o
LOAD Drivers/STM32F4xx_HAL_Driver/Src/stm32f4xx_hal_i2s.o
LOAD Drivers/STM32F4xx_HAL_Driver/Src/stm32f4xx_hal_i2s_ex.o
LOAD Drivers/STM32F4xx_HAL_Driver/Src/stm32f4xx_hal_pcd.o
LOAD Drivers/STM32F4xx_HAL_Driver/Src/stm32f4xx_hal_pcd_ex.o
LOAD Drivers/STM32F4xx_HAL_Driver/Src/stm32f4xx_hal_pwr.o
LOAD Drivers/STM32F4xx_HAL_Driver/Src/stm32f4xx_hal_pwr_ex.o
LOAD Drivers/STM32F4xx_HAL_Driver/Src/stm32f4xx_hal_rcc.o
LOAD Drivers/STM32F4xx_HAL_Driver/Src/stm32f4xx_hal_rcc_ex.o
LOAD Drivers/STM32F4xx_HAL_Driver/Src/stm32f4xx_hal_spi.o
LOAD Drivers/STM32F4xx_HAL_Driver/Src/stm32f4xx_hal_tim.o
LOAD Drivers/STM32F4xx_HAL_Driver/Src/stm32f4xx_hal_tim_ex.o
LOAD Drivers/STM32F4xx_HAL_Driver/Src/stm32f4xx_ll_usb.o
LOAD Middlewares/ST/STM32_USB_Device_Library/Class/CustomHID/Src/usbd_customhid.o
LOAD Middlewares/ST/STM32_USB_Device_Library/Core/Src/usbd_core.o
LOAD Middlewares/ST/STM32_USB_Device_Library/Core/Src/usbd_ctlreq.o
LOAD Middlewares/ST/STM32_USB_Device_Library/Core/Src/usbd_ioreq.o
LOAD USB_DEVICE/App/usb_device.o
LOAD USB_DEVICE/App/usbd_custom_hid_if.o
LOAD USB_DEVICE/App/usbd_desc.o
LOAD USB_DEVICE/Target/usbd_conf.o
START GROUP
LOAD d:/programi/stm/stm32cubeide_1.4.0/stm32cubeide/plugins/com.st.stm32cube.ide.mcu.externaltools.gnu-tools-for-stm32.7-2018-q2-update.win32_1.4.0.202007081208/tools/bin/../lib/gcc/arm-none-eabi/7.3.1/../../../../arm-none-eabi/lib/thumb/v7e-m/fpv4-sp/hard\libc_nano.a
LOAD d:/programi/stm/stm32cubeide_1.4.0/stm32cubeide/plugins/com.st.stm32cube.ide.mcu.externaltools.gnu-tools-for-stm32.7-2018-q2-update.win32_1.4.0.202007081208/tools/bin/../lib/gcc/arm-none-eabi/7.3.1/../../../../arm-none-eabi/lib/thumb/v7e-m/fpv4-sp/hard\libm.a
END GROUP
START GROUP
LOAD d:/programi/stm/stm32cubeide_1.4.0/stm32cubeide/plugins/com.st.stm32cube.ide.mcu.externaltools.gnu-tools-for-stm32.7-2018-q2-update.win32_1.4.0.202007081208/tools/bin/../lib/gcc/arm-none-eabi/7.3.1/thumb/v7e-m/fpv4-sp/hard\libgcc.a
LOAD d:/programi/stm/stm32cubeide_1.4.0/stm32cubeide/plugins/com.st.stm32cube.ide.mcu.externaltools.gnu-tools-for-stm32.7-2018-q2-update.win32_1.4.0.202007081208/tools/bin/../lib/gcc/arm-none-eabi/7.3.1/../../../../arm-none-eabi/lib/thumb/v7e-m/fpv4-sp/hard\libc_nano.a
END GROUP
START GROUP
LOAD d:/programi/stm/stm32cubeide_1.4.0/stm32cubeide/plugins/com.st.stm32cube.ide.mcu.externaltools.gnu-tools-for-stm32.7-2018-q2-update.win32_1.4.0.202007081208/tools/bin/../lib/gcc/arm-none-eabi/7.3.1/thumb/v7e-m/fpv4-sp/hard\libgcc.a
LOAD d:/programi/stm/stm32cubeide_1.4.0/stm32cubeide/plugins/com.st.stm32cube.ide.mcu.externaltools.gnu-tools-for-stm32.7-2018-q2-update.win32_1.4.0.202007081208/tools/bin/../lib/gcc/arm-none-eabi/7.3.1/../../../../arm-none-eabi/lib/thumb/v7e-m/fpv4-sp/hard\libc_nano.a
LOAD d:/programi/stm/stm32cubeide_1.4.0/stm32cubeide/plugins/com.st.stm32cube.ide.mcu.externaltools.gnu-tools-for-stm32.7-2018-q2-update.win32_1.4.0.202007081208/tools/bin/../lib/gcc/arm-none-eabi/7.3.1/../../../../arm-none-eabi/lib/thumb/v7e-m/fpv4-sp/hard\libnosys.a
END GROUP
START GROUP
LOAD d:/programi/stm/stm32cubeide_1.4.0/stm32cubeide/plugins/com.st.stm32cube.ide.mcu.externaltools.gnu-tools-for-stm32.7-2018-q2-update.win32_1.4.0.202007081208/tools/bin/../lib/gcc/arm-none-eabi/7.3.1/thumb/v7e-m/fpv4-sp/hard\libgcc.a
LOAD d:/programi/stm/stm32cubeide_1.4.0/stm32cubeide/plugins/com.st.stm32cube.ide.mcu.externaltools.gnu-tools-for-stm32.7-2018-q2-update.win32_1.4.0.202007081208/tools/bin/../lib/gcc/arm-none-eabi/7.3.1/../../../../arm-none-eabi/lib/thumb/v7e-m/fpv4-sp/hard\libc_nano.a
LOAD d:/programi/stm/stm32cubeide_1.4.0/stm32cubeide/plugins/com.st.stm32cube.ide.mcu.externaltools.gnu-tools-for-stm32.7-2018-q2-update.win32_1.4.0.202007081208/tools/bin/../lib/gcc/arm-none-eabi/7.3.1/../../../../arm-none-eabi/lib/thumb/v7e-m/fpv4-sp/hard\libnosys.a
END GROUP
LOAD d:/programi/stm/stm32cubeide_1.4.0/stm32cubeide/plugins/com.st.stm32cube.ide.mcu.externaltools.gnu-tools-for-stm32.7-2018-q2-update.win32_1.4.0.202007081208/tools/bin/../lib/gcc/arm-none-eabi/7.3.1/thumb/v7e-m/fpv4-sp/hard/crtend.o
LOAD d:/programi/stm/stm32cubeide_1.4.0/stm32cubeide/plugins/com.st.stm32cube.ide.mcu.externaltools.gnu-tools-for-stm32.7-2018-q2-update.win32_1.4.0.202007081208/tools/bin/../lib/gcc/arm-none-eabi/7.3.1/thumb/v7e-m/fpv4-sp/hard/crtn.o
                0x0000000020020000                _estack = (ORIGIN (RAM) + LENGTH (RAM))
                0x0000000000000200                _Min_Heap_Size = 0x200
                0x0000000000000400                _Min_Stack_Size = 0x400

.isr_vector     0x0000000008000000      0x198
                0x0000000008000000                . = ALIGN (0x4)
 *(.isr_vector)
 .isr_vector    0x0000000008000000      0x198 Core/Startup/startup_stm32f411vetx.o
                0x0000000008000000                g_pfnVectors
                0x0000000008000198                . = ALIGN (0x4)

.text           0x0000000008000198     0x775c
                0x0000000008000198                . = ALIGN (0x4)
 *(.text)
 .text          0x0000000008000198       0x40 d:/programi/stm/stm32cubeide_1.4.0/stm32cubeide/plugins/com.st.stm32cube.ide.mcu.externaltools.gnu-tools-for-stm32.7-2018-q2-update.win32_1.4.0.202007081208/tools/bin/../lib/gcc/arm-none-eabi/7.3.1/thumb/v7e-m/fpv4-sp/hard/crtbegin.o
 .text          0x00000000080001d8       0x30 d:/programi/stm/stm32cubeide_1.4.0/stm32cubeide/plugins/com.st.stm32cube.ide.mcu.externaltools.gnu-tools-for-stm32.7-2018-q2-update.win32_1.4.0.202007081208/tools/bin/../lib/gcc/arm-none-eabi/7.3.1/thumb/v7e-m/fpv4-sp/hard\libgcc.a(_aeabi_uldivmod.o)
                0x00000000080001d8                __aeabi_uldivmod
 .text          0x0000000008000208      0x2cc d:/programi/stm/stm32cubeide_1.4.0/stm32cubeide/plugins/com.st.stm32cube.ide.mcu.externaltools.gnu-tools-for-stm32.7-2018-q2-update.win32_1.4.0.202007081208/tools/bin/../lib/gcc/arm-none-eabi/7.3.1/thumb/v7e-m/fpv4-sp/hard\libgcc.a(_udivmoddi4.o)
                0x0000000008000208                __udivmoddi4
 .text          0x00000000080004d4        0x4 d:/programi/stm/stm32cubeide_1.4.0/stm32cubeide/plugins/com.st.stm32cube.ide.mcu.externaltools.gnu-tools-for-stm32.7-2018-q2-update.win32_1.4.0.202007081208/tools/bin/../lib/gcc/arm-none-eabi/7.3.1/thumb/v7e-m/fpv4-sp/hard\libgcc.a(_dvmd_tls.o)
                0x00000000080004d4                __aeabi_idiv0
                0x00000000080004d4                __aeabi_ldiv0
 *(.text*)
 .text.lihi     0x00000000080004d8      0x120 Core/Src/main.o
                0x00000000080004d8                lihi
 .text.sodi     0x00000000080005f8       0x84 Core/Src/main.o
                0x00000000080005f8                sodi
 .text.main     0x000000000800067c       0x9c Core/Src/main.o
                0x000000000800067c                main
 .text.SystemClock_Config
                0x0000000008000718      0x108 Core/Src/main.o
                0x0000000008000718                SystemClock_Config
 .text.MX_I2C1_Init
                0x0000000008000820       0x5c Core/Src/main.o
 .text.MX_I2S2_Init
                0x000000000800087c       0x5c Core/Src/main.o
 .text.MX_I2S3_Init
                0x00000000080008d8       0x60 Core/Src/main.o
 .text.MX_SPI1_Init
                0x0000000008000938       0x6c Core/Src/main.o
 .text.MX_GPIO_Init
                0x00000000080009a4      0x1b4 Core/Src/main.o
 .text.Error_Handler
                0x0000000008000b58        0xe Core/Src/main.o
                0x0000000008000b58                Error_Handler
 *fill*         0x0000000008000b66        0x2 
 .text.HAL_MspInit
                0x0000000008000b68       0x50 Core/Src/stm32f4xx_hal_msp.o
                0x0000000008000b68                HAL_MspInit
 .text.HAL_I2C_MspInit
                0x0000000008000bb8       0x90 Core/Src/stm32f4xx_hal_msp.o
                0x0000000008000bb8                HAL_I2C_MspInit
 .text.HAL_I2S_MspInit
                0x0000000008000c48      0x19c Core/Src/stm32f4xx_hal_msp.o
                0x0000000008000c48                HAL_I2S_MspInit
 .text.HAL_SPI_MspInit
                0x0000000008000de4       0x90 Core/Src/stm32f4xx_hal_msp.o
                0x0000000008000de4                HAL_SPI_MspInit
 .text.NMI_Handler
                0x0000000008000e74        0xe Core/Src/stm32f4xx_it.o
                0x0000000008000e74                NMI_Handler
 .text.HardFault_Handler
                0x0000000008000e82        0x6 Core/Src/stm32f4xx_it.o
                0x0000000008000e82                HardFault_Handler
 .text.MemManage_Handler
                0x0000000008000e88        0x6 Core/Src/stm32f4xx_it.o
                0x0000000008000e88                MemManage_Handler
 .text.BusFault_Handler
                0x0000000008000e8e        0x6 Core/Src/stm32f4xx_it.o
                0x0000000008000e8e                BusFault_Handler
 .text.UsageFault_Handler
                0x0000000008000e94        0x6 Core/Src/stm32f4xx_it.o
                0x0000000008000e94                UsageFault_Handler
 .text.SVC_Handler
                0x0000000008000e9a        0xe Core/Src/stm32f4xx_it.o
                0x0000000008000e9a                SVC_Handler
 .text.DebugMon_Handler
                0x0000000008000ea8        0xe Core/Src/stm32f4xx_it.o
                0x0000000008000ea8                DebugMon_Handler
 .text.PendSV_Handler
                0x0000000008000eb6        0xe Core/Src/stm32f4xx_it.o
                0x0000000008000eb6                PendSV_Handler
 .text.SysTick_Handler
                0x0000000008000ec4        0xc Core/Src/stm32f4xx_it.o
                0x0000000008000ec4                SysTick_Handler
 .text.OTG_FS_IRQHandler
                0x0000000008000ed0       0x14 Core/Src/stm32f4xx_it.o
                0x0000000008000ed0                OTG_FS_IRQHandler
 .text._sbrk    0x0000000008000ee4       0x6c Core/Src/sysmem.o
                0x0000000008000ee4                _sbrk
 .text.SystemInit
                0x0000000008000f50       0x2c Core/Src/system_stm32f4xx.o
                0x0000000008000f50                SystemInit
 .text.Reset_Handler
                0x0000000008000f7c       0x50 Core/Startup/startup_stm32f411vetx.o
                0x0000000008000f7c                Reset_Handler
 .text.Default_Handler
                0x0000000008000fcc        0x2 Core/Startup/startup_stm32f411vetx.o
                0x0000000008000fcc                RTC_Alarm_IRQHandler
                0x0000000008000fcc                EXTI2_IRQHandler
                0x0000000008000fcc                SPI4_IRQHandler
                0x0000000008000fcc                TIM1_CC_IRQHandler
                0x0000000008000fcc                DMA2_Stream5_IRQHandler
                0x0000000008000fcc                DMA1_Stream5_IRQHandler
                0x0000000008000fcc                PVD_IRQHandler
                0x0000000008000fcc                SDIO_IRQHandler
                0x0000000008000fcc                TAMP_STAMP_IRQHandler
                0x0000000008000fcc                EXTI3_IRQHandler
                0x0000000008000fcc                TIM1_UP_TIM10_IRQHandler
                0x0000000008000fcc                I2C3_ER_IRQHandler
                0x0000000008000fcc                EXTI0_IRQHandler
                0x0000000008000fcc                I2C2_EV_IRQHandler
                0x0000000008000fcc                DMA1_Stream2_IRQHandler
                0x0000000008000fcc                FPU_IRQHandler
                0x0000000008000fcc                DMA2_Stream2_IRQHandler
                0x0000000008000fcc                SPI1_IRQHandler
                0x0000000008000fcc                TIM1_BRK_TIM9_IRQHandler
                0x0000000008000fcc                DMA2_Stream3_IRQHandler
                0x0000000008000fcc                USART6_IRQHandler
                0x0000000008000fcc                DMA2_Stream0_IRQHandler
                0x0000000008000fcc                TIM4_IRQHandler
                0x0000000008000fcc                I2C1_EV_IRQHandler
                0x0000000008000fcc                DMA1_Stream6_IRQHandler
                0x0000000008000fcc                DMA1_Stream1_IRQHandler
                0x0000000008000fcc                TIM3_IRQHandler
                0x0000000008000fcc                RCC_IRQHandler
                0x0000000008000fcc                Default_Handler
                0x0000000008000fcc                EXTI15_10_IRQHandler
                0x0000000008000fcc                ADC_IRQHandler
                0x0000000008000fcc                DMA1_Stream7_IRQHandler
                0x0000000008000fcc                SPI5_IRQHandler
                0x0000000008000fcc                TIM5_IRQHandler
                0x0000000008000fcc                DMA2_Stream7_IRQHandler
                0x0000000008000fcc                I2C3_EV_IRQHandler
                0x0000000008000fcc                EXTI9_5_IRQHandler
                0x0000000008000fcc                RTC_WKUP_IRQHandler
                0x0000000008000fcc                SPI2_IRQHandler
                0x0000000008000fcc                DMA1_Stream0_IRQHandler
                0x0000000008000fcc                EXTI4_IRQHandler
                0x0000000008000fcc                WWDG_IRQHandler
                0x0000000008000fcc                TIM2_IRQHandler
                0x0000000008000fcc                OTG_FS_WKUP_IRQHandler
                0x0000000008000fcc                TIM1_TRG_COM_TIM11_IRQHandler
                0x0000000008000fcc                EXTI1_IRQHandler
                0x0000000008000fcc                USART2_IRQHandler
                0x0000000008000fcc                I2C2_ER_IRQHandler
                0x0000000008000fcc                DMA2_Stream1_IRQHandler
                0x0000000008000fcc                FLASH_IRQHandler
                0x0000000008000fcc                DMA2_Stream4_IRQHandler
                0x0000000008000fcc                USART1_IRQHandler
                0x0000000008000fcc                SPI3_IRQHandler
                0x0000000008000fcc                DMA1_Stream4_IRQHandler
                0x0000000008000fcc                I2C1_ER_IRQHandler
                0x0000000008000fcc                DMA2_Stream6_IRQHandler
                0x0000000008000fcc                DMA1_Stream3_IRQHandler
 *fill*         0x0000000008000fce        0x2 
 .text.HAL_Init
                0x0000000008000fd0       0x44 Drivers/STM32F4xx_HAL_Driver/Src/stm32f4xx_hal.o
                0x0000000008000fd0                HAL_Init
 .text.HAL_InitTick
                0x0000000008001014       0x60 Drivers/STM32F4xx_HAL_Driver/Src/stm32f4xx_hal.o
                0x0000000008001014                HAL_InitTick
 .text.HAL_IncTick
                0x0000000008001074       0x28 Drivers/STM32F4xx_HAL_Driver/Src/stm32f4xx_hal.o
                0x0000000008001074                HAL_IncTick
 .text.HAL_GetTick
                0x000000000800109c       0x18 Drivers/STM32F4xx_HAL_Driver/Src/stm32f4xx_hal.o
                0x000000000800109c                HAL_GetTick
 .text.HAL_Delay
                0x00000000080010b4       0x44 Drivers/STM32F4xx_HAL_Driver/Src/stm32f4xx_hal.o
                0x00000000080010b4                HAL_Delay
 .text.__NVIC_SetPriorityGrouping
                0x00000000080010f8       0x48 Drivers/STM32F4xx_HAL_Driver/Src/stm32f4xx_hal_cortex.o
 .text.__NVIC_GetPriorityGrouping
                0x0000000008001140       0x1c Drivers/STM32F4xx_HAL_Driver/Src/stm32f4xx_hal_cortex.o
 .text.__NVIC_EnableIRQ
                0x000000000800115c       0x3c Drivers/STM32F4xx_HAL_Driver/Src/stm32f4xx_hal_cortex.o
 .text.__NVIC_SetPriority
                0x0000000008001198       0x54 Drivers/STM32F4xx_HAL_Driver/Src/stm32f4xx_hal_cortex.o
 .text.NVIC_EncodePriority
                0x00000000080011ec       0x66 Drivers/STM32F4xx_HAL_Driver/Src/stm32f4xx_hal_cortex.o
 *fill*         0x0000000008001252        0x2 
 .text.SysTick_Config
                0x0000000008001254       0x44 Drivers/STM32F4xx_HAL_Driver/Src/stm32f4xx_hal_cortex.o
 .text.HAL_NVIC_SetPriorityGrouping
                0x0000000008001298       0x16 Drivers/STM32F4xx_HAL_Driver/Src/stm32f4xx_hal_cortex.o
                0x0000000008001298                HAL_NVIC_SetPriorityGrouping
 .text.HAL_NVIC_SetPriority
                0x00000000080012ae       0x38 Drivers/STM32F4xx_HAL_Driver/Src/stm32f4xx_hal_cortex.o
                0x00000000080012ae                HAL_NVIC_SetPriority
 .text.HAL_NVIC_EnableIRQ
                0x00000000080012e6       0x1c Drivers/STM32F4xx_HAL_Driver/Src/stm32f4xx_hal_cortex.o
                0x00000000080012e6                HAL_NVIC_EnableIRQ
 .text.HAL_SYSTICK_Config
                0x0000000008001302       0x18 Drivers/STM32F4xx_HAL_Driver/Src/stm32f4xx_hal_cortex.o
                0x0000000008001302                HAL_SYSTICK_Config
 *fill*         0x000000000800131a        0x2 
 .text.HAL_GPIO_Init
                0x000000000800131c      0x304 Drivers/STM32F4xx_HAL_Driver/Src/stm32f4xx_hal_gpio.o
                0x000000000800131c                HAL_GPIO_Init
 .text.HAL_GPIO_ReadPin
                0x0000000008001620       0x30 Drivers/STM32F4xx_HAL_Driver/Src/stm32f4xx_hal_gpio.o
                0x0000000008001620                HAL_GPIO_ReadPin
 .text.HAL_GPIO_WritePin
                0x0000000008001650       0x32 Drivers/STM32F4xx_HAL_Driver/Src/stm32f4xx_hal_gpio.o
                0x0000000008001650                HAL_GPIO_WritePin
 *fill*         0x0000000008001682        0x2 
 .text.HAL_I2C_Init
                0x0000000008001684      0x270 Drivers/STM32F4xx_HAL_Driver/Src/stm32f4xx_hal_i2c.o
                0x0000000008001684                HAL_I2C_Init
 .text.HAL_I2S_Init
                0x00000000080018f4      0x280 Drivers/STM32F4xx_HAL_Driver/Src/stm32f4xx_hal_i2s.o
                0x00000000080018f4                HAL_I2S_Init
 .text.HAL_I2S_TxCpltCallback
                0x0000000008001b74       0x14 Drivers/STM32F4xx_HAL_Driver/Src/stm32f4xx_hal_i2s.o
                0x0000000008001b74                HAL_I2S_TxCpltCallback
 .text.HAL_I2S_RxCpltCallback
                0x0000000008001b88       0x14 Drivers/STM32F4xx_HAL_Driver/Src/stm32f4xx_hal_i2s.o
                0x0000000008001b88                HAL_I2S_RxCpltCallback
 .text.HAL_I2S_ErrorCallback
                0x0000000008001b9c       0x14 Drivers/STM32F4xx_HAL_Driver/Src/stm32f4xx_hal_i2s.o
                0x0000000008001b9c                HAL_I2S_ErrorCallback
 .text.I2S_Transmit_IT
                0x0000000008001bb0       0x5c Drivers/STM32F4xx_HAL_Driver/Src/stm32f4xx_hal_i2s.o
 .text.I2S_Receive_IT
                0x0000000008001c0c       0x5e Drivers/STM32F4xx_HAL_Driver/Src/stm32f4xx_hal_i2s.o
 .text.I2S_IRQHandler
                0x0000000008001c6a      0x114 Drivers/STM32F4xx_HAL_Driver/Src/stm32f4xx_hal_i2s.o
 *fill*         0x0000000008001d7e        0x2 
 .text.HAL_I2SEx_FullDuplex_IRQHandler
                0x0000000008001d80      0x2a8 Drivers/STM32F4xx_HAL_Driver/Src/stm32f4xx_hal_i2s_ex.o
                0x0000000008001d80                HAL_I2SEx_FullDuplex_IRQHandler
 .text.HAL_I2SEx_TxRxCpltCallback
                0x0000000008002028       0x14 Drivers/STM32F4xx_HAL_Driver/Src/stm32f4xx_hal_i2s_ex.o
                0x0000000008002028                HAL_I2SEx_TxRxCpltCallback
 .text.I2SEx_TxISR_I2S
                0x000000000800203c       0x62 Drivers/STM32F4xx_HAL_Driver/Src/stm32f4xx_hal_i2s_ex.o
 *fill*         0x000000000800209e        0x2 
 .text.I2SEx_TxISR_I2SExt
                0x00000000080020a0       0x98 Drivers/STM32F4xx_HAL_Driver/Src/stm32f4xx_hal_i2s_ex.o
 .text.I2SEx_RxISR_I2S
                0x0000000008002138       0x64 Drivers/STM32F4xx_HAL_Driver/Src/stm32f4xx_hal_i2s_ex.o
 .text.I2SEx_RxISR_I2SExt
                0x000000000800219c       0x98 Drivers/STM32F4xx_HAL_Driver/Src/stm32f4xx_hal_i2s_ex.o
 .text.HAL_PCD_Init
                0x0000000008002234      0x23a Drivers/STM32F4xx_HAL_Driver/Src/stm32f4xx_hal_pcd.o
                0x0000000008002234                HAL_PCD_Init
 .text.HAL_PCD_Start
                0x000000000800246e       0x66 Drivers/STM32F4xx_HAL_Driver/Src/stm32f4xx_hal_pcd.o
                0x000000000800246e                HAL_PCD_Start
 .text.HAL_PCD_IRQHandler
                0x00000000080024d4      0x764 Drivers/STM32F4xx_HAL_Driver/Src/stm32f4xx_hal_pcd.o
                0x00000000080024d4                HAL_PCD_IRQHandler
 .text.HAL_PCD_SetAddress
                0x0000000008002c38       0x4a Drivers/STM32F4xx_HAL_Driver/Src/stm32f4xx_hal_pcd.o
                0x0000000008002c38                HAL_PCD_SetAddress
 .text.HAL_PCD_EP_Open
                0x0000000008002c82       0xd0 Drivers/STM32F4xx_HAL_Driver/Src/stm32f4xx_hal_pcd.o
                0x0000000008002c82                HAL_PCD_EP_Open
 .text.HAL_PCD_EP_Close
                0x0000000008002d52       0x94 Drivers/STM32F4xx_HAL_Driver/Src/stm32f4xx_hal_pcd.o
                0x0000000008002d52                HAL_PCD_EP_Close
 .text.HAL_PCD_EP_Receive
                0x0000000008002de6       0x96 Drivers/STM32F4xx_HAL_Driver/Src/stm32f4xx_hal_pcd.o
                0x0000000008002de6                HAL_PCD_EP_Receive
 .text.HAL_PCD_EP_Transmit
                0x0000000008002e7c       0x94 Drivers/STM32F4xx_HAL_Driver/Src/stm32f4xx_hal_pcd.o
                0x0000000008002e7c                HAL_PCD_EP_Transmit
 .text.HAL_PCD_EP_SetStall
                0x0000000008002f10       0xc8 Drivers/STM32F4xx_HAL_Driver/Src/stm32f4xx_hal_pcd.o
                0x0000000008002f10                HAL_PCD_EP_SetStall
 .text.HAL_PCD_EP_ClrStall
                0x0000000008002fd8       0xac Drivers/STM32F4xx_HAL_Driver/Src/stm32f4xx_hal_pcd.o
                0x0000000008002fd8                HAL_PCD_EP_ClrStall
 .text.PCD_WriteEmptyTxFifo
                0x0000000008003084      0x11a Drivers/STM32F4xx_HAL_Driver/Src/stm32f4xx_hal_pcd.o
 *fill*         0x000000000800319e        0x2 
 .text.PCD_EP_OutXfrComplete_int
                0x00000000080031a0      0x218 Drivers/STM32F4xx_HAL_Driver/Src/stm32f4xx_hal_pcd.o
 .text.PCD_EP_OutSetupPacket_int
                0x00000000080033b8       0x8c Drivers/STM32F4xx_HAL_Driver/Src/stm32f4xx_hal_pcd.o
 .text.HAL_PCDEx_SetTxFiFo
                0x0000000008003444       0x8e Drivers/STM32F4xx_HAL_Driver/Src/stm32f4xx_hal_pcd_ex.o
                0x0000000008003444                HAL_PCDEx_SetTxFiFo
 .text.HAL_PCDEx_SetRxFiFo
                0x00000000080034d2       0x22 Drivers/STM32F4xx_HAL_Driver/Src/stm32f4xx_hal_pcd_ex.o
                0x00000000080034d2                HAL_PCDEx_SetRxFiFo
 .text.HAL_PCDEx_LPM_Callback
                0x00000000080034f4       0x18 Drivers/STM32F4xx_HAL_Driver/Src/stm32f4xx_hal_pcd_ex.o
                0x00000000080034f4                HAL_PCDEx_LPM_Callback
 .text.HAL_RCC_OscConfig
                0x000000000800350c      0x4e0 Drivers/STM32F4xx_HAL_Driver/Src/stm32f4xx_hal_rcc.o
                0x000000000800350c                HAL_RCC_OscConfig
 .text.HAL_RCC_ClockConfig
                0x00000000080039ec      0x1cc Drivers/STM32F4xx_HAL_Driver/Src/stm32f4xx_hal_rcc.o
                0x00000000080039ec                HAL_RCC_ClockConfig
 .text.HAL_RCC_GetSysClockFreq
                0x0000000008003bb8      0x1b0 Drivers/STM32F4xx_HAL_Driver/Src/stm32f4xx_hal_rcc.o
                0x0000000008003bb8                HAL_RCC_GetSysClockFreq
 .text.HAL_RCC_GetHCLKFreq
                0x0000000008003d68       0x18 Drivers/STM32F4xx_HAL_Driver/Src/stm32f4xx_hal_rcc.o
                0x0000000008003d68                HAL_RCC_GetHCLKFreq
 .text.HAL_RCC_GetPCLK1Freq
                0x0000000008003d80       0x28 Drivers/STM32F4xx_HAL_Driver/Src/stm32f4xx_hal_rcc.o
                0x0000000008003d80                HAL_RCC_GetPCLK1Freq
 .text.HAL_RCCEx_PeriphCLKConfig
                0x0000000008003da8      0x1e0 Drivers/STM32F4xx_HAL_Driver/Src/stm32f4xx_hal_rcc_ex.o
                0x0000000008003da8                HAL_RCCEx_PeriphCLKConfig
 .text.HAL_RCCEx_GetPeriphCLKFreq
                0x0000000008003f88       0xbc Drivers/STM32F4xx_HAL_Driver/Src/stm32f4xx_hal_rcc_ex.o
                0x0000000008003f88                HAL_RCCEx_GetPeriphCLKFreq
 .text.HAL_SPI_Init
                0x0000000008004044       0xc8 Drivers/STM32F4xx_HAL_Driver/Src/stm32f4xx_hal_spi.o
                0x0000000008004044                HAL_SPI_Init
 .text.USB_CoreInit
                0x000000000800410c       0xc2 Drivers/STM32F4xx_HAL_Driver/Src/stm32f4xx_ll_usb.o
                0x000000000800410c                USB_CoreInit
 *fill*         0x00000000080041ce        0x2 
 .text.USB_SetTurnaroundTime
                0x00000000080041d0      0x144 Drivers/STM32F4xx_HAL_Driver/Src/stm32f4xx_ll_usb.o
                0x00000000080041d0                USB_SetTurnaroundTime
 .text.USB_EnableGlobalInt
                0x0000000008004314       0x22 Drivers/STM32F4xx_HAL_Driver/Src/stm32f4xx_ll_usb.o
                0x0000000008004314                USB_EnableGlobalInt
 .text.USB_DisableGlobalInt
                0x0000000008004336       0x22 Drivers/STM32F4xx_HAL_Driver/Src/stm32f4xx_ll_usb.o
                0x0000000008004336                USB_DisableGlobalInt
 .text.USB_SetCurrentMode
                0x0000000008004358       0x54 Drivers/STM32F4xx_HAL_Driver/Src/stm32f4xx_ll_usb.o
                0x0000000008004358                USB_SetCurrentMode
 .text.USB_DevInit
                0x00000000080043ac      0x2c8 Drivers/STM32F4xx_HAL_Driver/Src/stm32f4xx_ll_usb.o
                0x00000000080043ac                USB_DevInit
 .text.USB_FlushTxFifo
                0x0000000008004674       0x4c Drivers/STM32F4xx_HAL_Driver/Src/stm32f4xx_ll_usb.o
                0x0000000008004674                USB_FlushTxFifo
 .text.USB_FlushRxFifo
                0x00000000080046c0       0x44 Drivers/STM32F4xx_HAL_Driver/Src/stm32f4xx_ll_usb.o
                0x00000000080046c0                USB_FlushRxFifo
 .text.USB_SetDevSpeed
                0x0000000008004704       0x32 Drivers/STM32F4xx_HAL_Driver/Src/stm32f4xx_ll_usb.o
                0x0000000008004704                USB_SetDevSpeed
 .text.USB_GetDevSpeed
                0x0000000008004736       0x4a Drivers/STM32F4xx_HAL_Driver/Src/stm32f4xx_ll_usb.o
                0x0000000008004736                USB_GetDevSpeed
 .text.USB_ActivateEndpoint
                0x0000000008004780      0x10e Drivers/STM32F4xx_HAL_Driver/Src/stm32f4xx_ll_usb.o
                0x0000000008004780                USB_ActivateEndpoint
 *fill*         0x000000000800488e        0x2 
 .text.USB_DeactivateEndpoint
                0x0000000008004890      0x1b8 Drivers/STM32F4xx_HAL_Driver/Src/stm32f4xx_ll_usb.o
                0x0000000008004890                USB_DeactivateEndpoint
 .text.USB_EPStartXfer
                0x0000000008004a48      0x488 Drivers/STM32F4xx_HAL_Driver/Src/stm32f4xx_ll_usb.o
                0x0000000008004a48                USB_EPStartXfer
 .text.USB_EP0StartXfer
                0x0000000008004ed0      0x2a6 Drivers/STM32F4xx_HAL_Driver/Src/stm32f4xx_ll_usb.o
                0x0000000008004ed0                USB_EP0StartXfer
 .text.USB_WritePacket
                0x0000000008005176       0x6a Drivers/STM32F4xx_HAL_Driver/Src/stm32f4xx_ll_usb.o
                0x0000000008005176                USB_WritePacket
 .text.USB_ReadPacket
                0x00000000080051e0       0x52 Drivers/STM32F4xx_HAL_Driver/Src/stm32f4xx_ll_usb.o
                0x00000000080051e0                USB_ReadPacket
 .text.USB_EPSetStall
                0x0000000008005232       0xdc Drivers/STM32F4xx_HAL_Driver/Src/stm32f4xx_ll_usb.o
                0x0000000008005232                USB_EPSetStall
 .text.USB_EPClearStall
                0x000000000800530e       0xcc Drivers/STM32F4xx_HAL_Driver/Src/stm32f4xx_ll_usb.o
                0x000000000800530e                USB_EPClearStall
 .text.USB_SetDevAddress
                0x00000000080053da       0x4c Drivers/STM32F4xx_HAL_Driver/Src/stm32f4xx_ll_usb.o
                0x00000000080053da                USB_SetDevAddress
 .text.USB_DevConnect
                0x0000000008005426       0x42 Drivers/STM32F4xx_HAL_Driver/Src/stm32f4xx_ll_usb.o
                0x0000000008005426                USB_DevConnect
 .text.USB_DevDisconnect
                0x0000000008005468       0x42 Drivers/STM32F4xx_HAL_Driver/Src/stm32f4xx_ll_usb.o
                0x0000000008005468                USB_DevDisconnect
 .text.USB_ReadInterrupts
                0x00000000080054aa       0x26 Drivers/STM32F4xx_HAL_Driver/Src/stm32f4xx_ll_usb.o
                0x00000000080054aa                USB_ReadInterrupts
 .text.USB_ReadDevAllOutEpInterrupt
                0x00000000080054d0       0x34 Drivers/STM32F4xx_HAL_Driver/Src/stm32f4xx_ll_usb.o
                0x00000000080054d0                USB_ReadDevAllOutEpInterrupt
 .text.USB_ReadDevAllInEpInterrupt
                0x0000000008005504       0x34 Drivers/STM32F4xx_HAL_Driver/Src/stm32f4xx_ll_usb.o
                0x0000000008005504                USB_ReadDevAllInEpInterrupt
 .text.USB_ReadDevOutEPInterrupt
                0x0000000008005538       0x3c Drivers/STM32F4xx_HAL_Driver/Src/stm32f4xx_ll_usb.o
                0x0000000008005538                USB_ReadDevOutEPInterrupt
 .text.USB_ReadDevInEPInterrupt
                0x0000000008005574       0x5c Drivers/STM32F4xx_HAL_Driver/Src/stm32f4xx_ll_usb.o
                0x0000000008005574                USB_ReadDevInEPInterrupt
 .text.USB_GetMode
                0x00000000080055d0       0x1c Drivers/STM32F4xx_HAL_Driver/Src/stm32f4xx_ll_usb.o
                0x00000000080055d0                USB_GetMode
 .text.USB_ActivateSetup
                0x00000000080055ec       0x46 Drivers/STM32F4xx_HAL_Driver/Src/stm32f4xx_ll_usb.o
                0x00000000080055ec                USB_ActivateSetup
 *fill*         0x0000000008005632        0x2 
 .text.USB_EP0_OutStart
                0x0000000008005634       0xbc Drivers/STM32F4xx_HAL_Driver/Src/stm32f4xx_ll_usb.o
                0x0000000008005634                USB_EP0_OutStart
 .text.USB_CoreReset
                0x00000000080056f0       0x68 Drivers/STM32F4xx_HAL_Driver/Src/stm32f4xx_ll_usb.o
 .text.USBD_CUSTOM_HID_Init
                0x0000000008005758       0xa2 Middlewares/ST/STM32_USB_Device_Library/Class/CustomHID/Src/usbd_customhid.o
 .text.USBD_CUSTOM_HID_DeInit
                0x00000000080057fa       0x6a Middlewares/ST/STM32_USB_Device_Library/Class/CustomHID/Src/usbd_customhid.o
 .text.USBD_CUSTOM_HID_Setup
                0x0000000008005864      0x204 Middlewares/ST/STM32_USB_Device_Library/Class/CustomHID/Src/usbd_customhid.o
 .text.USBD_CUSTOM_HID_SendReport
                0x0000000008005a68       0x58 Middlewares/ST/STM32_USB_Device_Library/Class/CustomHID/Src/usbd_customhid.o
                0x0000000008005a68                USBD_CUSTOM_HID_SendReport
 .text.USBD_CUSTOM_HID_GetFSCfgDesc
                0x0000000008005ac0       0x20 Middlewares/ST/STM32_USB_Device_Library/Class/CustomHID/Src/usbd_customhid.o
 .text.USBD_CUSTOM_HID_GetHSCfgDesc
                0x0000000008005ae0       0x20 Middlewares/ST/STM32_USB_Device_Library/Class/CustomHID/Src/usbd_customhid.o
 .text.USBD_CUSTOM_HID_GetOtherSpeedCfgDesc
                0x0000000008005b00       0x20 Middlewares/ST/STM32_USB_Device_Library/Class/CustomHID/Src/usbd_customhid.o
 .text.USBD_CUSTOM_HID_DataIn
                0x0000000008005b20       0x24 Middlewares/ST/STM32_USB_Device_Library/Class/CustomHID/Src/usbd_customhid.o
 .text.USBD_CUSTOM_HID_DataOut
                0x0000000008005b44       0x40 Middlewares/ST/STM32_USB_Device_Library/Class/CustomHID/Src/usbd_customhid.o
 .text.USBD_CUSTOM_HID_ReceivePacket
                0x0000000008005b84       0x34 Middlewares/ST/STM32_USB_Device_Library/Class/CustomHID/Src/usbd_customhid.o
                0x0000000008005b84                USBD_CUSTOM_HID_ReceivePacket
 .text.USBD_CUSTOM_HID_EP0_RxReady
                0x0000000008005bb8       0x3c Middlewares/ST/STM32_USB_Device_Library/Class/CustomHID/Src/usbd_customhid.o
 .text.USBD_CUSTOM_HID_GetDeviceQualifierDesc
                0x0000000008005bf4       0x20 Middlewares/ST/STM32_USB_Device_Library/Class/CustomHID/Src/usbd_customhid.o
 .text.USBD_CUSTOM_HID_RegisterInterface
                0x0000000008005c14       0x2a Middlewares/ST/STM32_USB_Device_Library/Class/CustomHID/Src/usbd_customhid.o
                0x0000000008005c14                USBD_CUSTOM_HID_RegisterInterface
 .text.USBD_Init
                0x0000000008005c3e       0x6c Middlewares/ST/STM32_USB_Device_Library/Core/Src/usbd_core.o
                0x0000000008005c3e                USBD_Init
 .text.USBD_RegisterClass
                0x0000000008005caa       0x42 Middlewares/ST/STM32_USB_Device_Library/Core/Src/usbd_core.o
                0x0000000008005caa                USBD_RegisterClass
 .text.USBD_Start
                0x0000000008005cec       0x18 Middlewares/ST/STM32_USB_Device_Library/Core/Src/usbd_core.o
                0x0000000008005cec                USBD_Start
 .text.USBD_RunTestMode
                0x0000000008005d04       0x16 Middlewares/ST/STM32_USB_Device_Library/Core/Src/usbd_core.o
                0x0000000008005d04                USBD_RunTestMode
 .text.USBD_SetClassConfig
                0x0000000008005d1a       0x38 Middlewares/ST/STM32_USB_Device_Library/Core/Src/usbd_core.o
                0x0000000008005d1a                USBD_SetClassConfig
 .text.USBD_ClrClassConfig
                0x0000000008005d52       0x30 Middlewares/ST/STM32_USB_Device_Library/Core/Src/usbd_core.o
                0x0000000008005d52                USBD_ClrClassConfig
 .text.USBD_LL_SetupStage
                0x0000000008005d82       0xa6 Middlewares/ST/STM32_USB_Device_Library/Core/Src/usbd_core.o
                0x0000000008005d82                USBD_LL_SetupStage
 .text.USBD_LL_DataOutStage
                0x0000000008005e28       0xc6 Middlewares/ST/STM32_USB_Device_Library/Core/Src/usbd_core.o
                0x0000000008005e28                USBD_LL_DataOutStage
 .text.USBD_LL_DataInStage
                0x0000000008005eee      0x12c Middlewares/ST/STM32_USB_Device_Library/Core/Src/usbd_core.o
                0x0000000008005eee                USBD_LL_DataInStage
 .text.USBD_LL_Reset
                0x000000000800601a       0x82 Middlewares/ST/STM32_USB_Device_Library/Core/Src/usbd_core.o
                0x000000000800601a                USBD_LL_Reset
 .text.USBD_LL_SetSpeed
                0x000000000800609c       0x20 Middlewares/ST/STM32_USB_Device_Library/Core/Src/usbd_core.o
                0x000000000800609c                USBD_LL_SetSpeed
 .text.USBD_LL_Suspend
                0x00000000080060bc       0x2a Middlewares/ST/STM32_USB_Device_Library/Core/Src/usbd_core.o
                0x00000000080060bc                USBD_LL_Suspend
 .text.USBD_LL_Resume
                0x00000000080060e6       0x2c Middlewares/ST/STM32_USB_Device_Library/Core/Src/usbd_core.o
                0x00000000080060e6                USBD_LL_Resume
 .text.USBD_LL_SOF
                0x0000000008006112       0x34 Middlewares/ST/STM32_USB_Device_Library/Core/Src/usbd_core.o
                0x0000000008006112                USBD_LL_SOF
 .text.USBD_LL_IsoINIncomplete
                0x0000000008006146       0x1a Middlewares/ST/STM32_USB_Device_Library/Core/Src/usbd_core.o
                0x0000000008006146                USBD_LL_IsoINIncomplete
 .text.USBD_LL_IsoOUTIncomplete
                0x0000000008006160       0x1a Middlewares/ST/STM32_USB_Device_Library/Core/Src/usbd_core.o
                0x0000000008006160                USBD_LL_IsoOUTIncomplete
 .text.USBD_LL_DevConnected
                0x000000000800617a       0x16 Middlewares/ST/STM32_USB_Device_Library/Core/Src/usbd_core.o
                0x000000000800617a                USBD_LL_DevConnected
 .text.USBD_LL_DevDisconnected
                0x0000000008006190       0x38 Middlewares/ST/STM32_USB_Device_Library/Core/Src/usbd_core.o
                0x0000000008006190                USBD_LL_DevDisconnected
 .text.SWAPBYTE
                0x00000000080061c8       0x3c Middlewares/ST/STM32_USB_Device_Library/Core/Src/usbd_ctlreq.o
 .text.USBD_StdDevReq
                0x0000000008006204       0xdc Middlewares/ST/STM32_USB_Device_Library/Core/Src/usbd_ctlreq.o
                0x0000000008006204                USBD_StdDevReq
 .text.USBD_StdItfReq
                0x00000000080062e0       0x8c Middlewares/ST/STM32_USB_Device_Library/Core/Src/usbd_ctlreq.o
                0x00000000080062e0                USBD_StdItfReq
 .text.USBD_StdEPReq
                0x000000000800636c      0x2aa Middlewares/ST/STM32_USB_Device_Library/Core/Src/usbd_ctlreq.o
                0x000000000800636c                USBD_StdEPReq
 *fill*         0x0000000008006616        0x2 
 .text.USBD_GetDescriptor
                0x0000000008006618      0x2d4 Middlewares/ST/STM32_USB_Device_Library/Core/Src/usbd_ctlreq.o
 .text.USBD_SetAddress
                0x00000000080068ec       0x84 Middlewares/ST/STM32_USB_Device_Library/Core/Src/usbd_ctlreq.o
 .text.USBD_SetConfig
                0x0000000008006970      0x148 Middlewares/ST/STM32_USB_Device_Library/Core/Src/usbd_ctlreq.o
 .text.USBD_GetConfig
                0x0000000008006ab8       0x68 Middlewares/ST/STM32_USB_Device_Library/Core/Src/usbd_ctlreq.o
 .text.USBD_GetStatus
                0x0000000008006b20       0x66 Middlewares/ST/STM32_USB_Device_Library/Core/Src/usbd_ctlreq.o
 .text.USBD_SetFeature
                0x0000000008006b86       0x28 Middlewares/ST/STM32_USB_Device_Library/Core/Src/usbd_ctlreq.o
 .text.USBD_ClrFeature
                0x0000000008006bae       0x42 Middlewares/ST/STM32_USB_Device_Library/Core/Src/usbd_ctlreq.o
 .text.USBD_ParseSetupRequest
                0x0000000008006bf0       0x74 Middlewares/ST/STM32_USB_Device_Library/Core/Src/usbd_ctlreq.o
                0x0000000008006bf0                USBD_ParseSetupRequest
 .text.USBD_CtlError
                0x0000000008006c64       0x22 Middlewares/ST/STM32_USB_Device_Library/Core/Src/usbd_ctlreq.o
                0x0000000008006c64                USBD_CtlError
 .text.USBD_GetString
                0x0000000008006c86       0x8c Middlewares/ST/STM32_USB_Device_Library/Core/Src/usbd_ctlreq.o
                0x0000000008006c86                USBD_GetString
 .text.USBD_GetLen
                0x0000000008006d12       0x34 Middlewares/ST/STM32_USB_Device_Library/Core/Src/usbd_ctlreq.o
 .text.USBD_CtlSendData
                0x0000000008006d46       0x36 Middlewares/ST/STM32_USB_Device_Library/Core/Src/usbd_ioreq.o
                0x0000000008006d46                USBD_CtlSendData
 .text.USBD_CtlContinueSendData
                0x0000000008006d7c       0x22 Middlewares/ST/STM32_USB_Device_Library/Core/Src/usbd_ioreq.o
                0x0000000008006d7c                USBD_CtlContinueSendData
 .text.USBD_CtlPrepareRx
                0x0000000008006d9e       0x3a Middlewares/ST/STM32_USB_Device_Library/Core/Src/usbd_ioreq.o
                0x0000000008006d9e                USBD_CtlPrepareRx
 .text.USBD_CtlContinueRx
                0x0000000008006dd8       0x22 Middlewares/ST/STM32_USB_Device_Library/Core/Src/usbd_ioreq.o
                0x0000000008006dd8                USBD_CtlContinueRx
 .text.USBD_CtlSendStatus
                0x0000000008006dfa       0x26 Middlewares/ST/STM32_USB_Device_Library/Core/Src/usbd_ioreq.o
                0x0000000008006dfa                USBD_CtlSendStatus
 .text.USBD_CtlReceiveStatus
                0x0000000008006e20       0x26 Middlewares/ST/STM32_USB_Device_Library/Core/Src/usbd_ioreq.o
                0x0000000008006e20                USBD_CtlReceiveStatus
 *fill*         0x0000000008006e46        0x2 
 .text.MX_USB_DEVICE_Init
                0x0000000008006e48       0x60 USB_DEVICE/App/usb_device.o
                0x0000000008006e48                MX_USB_DEVICE_Init
 .text.CUSTOM_HID_Init_FS
                0x0000000008006ea8       0x10 USB_DEVICE/App/usbd_custom_hid_if.o
 .text.CUSTOM_HID_DeInit_FS
                0x0000000008006eb8       0x10 USB_DEVICE/App/usbd_custom_hid_if.o
 .text.CUSTOM_HID_OutEvent_FS
                0x0000000008006ec8       0x24 USB_DEVICE/App/usbd_custom_hid_if.o
 .text.USBD_FS_DeviceDescriptor
                0x0000000008006eec       0x24 USB_DEVICE/App/usbd_desc.o
                0x0000000008006eec                USBD_FS_DeviceDescriptor
 .text.USBD_FS_LangIDStrDescriptor
                0x0000000008006f10       0x24 USB_DEVICE/App/usbd_desc.o
                0x0000000008006f10                USBD_FS_LangIDStrDescriptor
 .text.USBD_FS_ProductStrDescriptor
                0x0000000008006f34       0x3c USB_DEVICE/App/usbd_desc.o
                0x0000000008006f34                USBD_FS_ProductStrDescriptor
 .text.USBD_FS_ManufacturerStrDescriptor
                0x0000000008006f70       0x28 USB_DEVICE/App/usbd_desc.o
                0x0000000008006f70                USBD_FS_ManufacturerStrDescriptor
 .text.USBD_FS_SerialStrDescriptor
                0x0000000008006f98       0x24 USB_DEVICE/App/usbd_desc.o
                0x0000000008006f98                USBD_FS_SerialStrDescriptor
 .text.USBD_FS_ConfigStrDescriptor
                0x0000000008006fbc       0x3c USB_DEVICE/App/usbd_desc.o
                0x0000000008006fbc                USBD_FS_ConfigStrDescriptor
 .text.USBD_FS_InterfaceStrDescriptor
                0x0000000008006ff8       0x3c USB_DEVICE/App/usbd_desc.o
                0x0000000008006ff8                USBD_FS_InterfaceStrDescriptor
 .text.Get_SerialNum
                0x0000000008007034       0x58 USB_DEVICE/App/usbd_desc.o
 .text.IntToUnicode
                0x000000000800708c       0x7c USB_DEVICE/App/usbd_desc.o
 .text.HAL_PCD_MspInit
                0x0000000008007108       0xc4 USB_DEVICE/Target/usbd_conf.o
                0x0000000008007108                HAL_PCD_MspInit
 .text.HAL_PCD_SetupStageCallback
                0x00000000080071cc       0x24 USB_DEVICE/Target/usbd_conf.o
                0x00000000080071cc                HAL_PCD_SetupStageCallback
 .text.HAL_PCD_DataOutStageCallback
                0x00000000080071f0       0x36 USB_DEVICE/Target/usbd_conf.o
                0x00000000080071f0                HAL_PCD_DataOutStageCallback
 .text.HAL_PCD_DataInStageCallback
                0x0000000008007226       0x34 USB_DEVICE/Target/usbd_conf.o
                0x0000000008007226                HAL_PCD_DataInStageCallback
 .text.HAL_PCD_SOFCallback
                0x000000000800725a       0x1c USB_DEVICE/Target/usbd_conf.o
                0x000000000800725a                HAL_PCD_SOFCallback
 .text.HAL_PCD_ResetCallback
                0x0000000008007276       0x3c USB_DEVICE/Target/usbd_conf.o
                0x0000000008007276                HAL_PCD_ResetCallback
 *fill*         0x00000000080072b2        0x2 
 .text.HAL_PCD_SuspendCallback
                0x00000000080072b4       0x4c USB_DEVICE/Target/usbd_conf.o
                0x00000000080072b4                HAL_PCD_SuspendCallback
 .text.HAL_PCD_ResumeCallback
                0x0000000008007300       0x1c USB_DEVICE/Target/usbd_conf.o
                0x0000000008007300                HAL_PCD_ResumeCallback
 .text.HAL_PCD_ISOOUTIncompleteCallback
                0x000000000800731c       0x24 USB_DEVICE/Target/usbd_conf.o
                0x000000000800731c                HAL_PCD_ISOOUTIncompleteCallback
 .text.HAL_PCD_ISOINIncompleteCallback
                0x0000000008007340       0x24 USB_DEVICE/Target/usbd_conf.o
                0x0000000008007340                HAL_PCD_ISOINIncompleteCallback
 .text.HAL_PCD_ConnectCallback
                0x0000000008007364       0x1c USB_DEVICE/Target/usbd_conf.o
                0x0000000008007364                HAL_PCD_ConnectCallback
 .text.HAL_PCD_DisconnectCallback
                0x0000000008007380       0x1c USB_DEVICE/Target/usbd_conf.o
                0x0000000008007380                HAL_PCD_DisconnectCallback
 .text.USBD_LL_Init
                0x000000000800739c       0x98 USB_DEVICE/Target/usbd_conf.o
                0x000000000800739c                USBD_LL_Init
 .text.USBD_LL_Start
                0x0000000008007434       0x36 USB_DEVICE/Target/usbd_conf.o
                0x0000000008007434                USBD_LL_Start
 .text.USBD_LL_OpenEP
                0x000000000800746a       0x4c USB_DEVICE/Target/usbd_conf.o
                0x000000000800746a                USBD_LL_OpenEP
 .text.USBD_LL_CloseEP
                0x00000000080074b6       0x3e USB_DEVICE/Target/usbd_conf.o
                0x00000000080074b6                USBD_LL_CloseEP
 .text.USBD_LL_StallEP
                0x00000000080074f4       0x3e USB_DEVICE/Target/usbd_conf.o
                0x00000000080074f4                USBD_LL_StallEP
 .text.USBD_LL_ClearStallEP
                0x0000000008007532       0x3e USB_DEVICE/Target/usbd_conf.o
                0x0000000008007532                USBD_LL_ClearStallEP
 .text.USBD_LL_IsStallEP
                0x0000000008007570       0x58 USB_DEVICE/Target/usbd_conf.o
                0x0000000008007570                USBD_LL_IsStallEP
 .text.USBD_LL_SetUSBAddress
                0x00000000080075c8       0x3e USB_DEVICE/Target/usbd_conf.o
                0x00000000080075c8                USBD_LL_SetUSBAddress
 .text.USBD_LL_Transmit
                0x0000000008007606       0x42 USB_DEVICE/Target/usbd_conf.o
                0x0000000008007606                USBD_LL_Transmit
 .text.USBD_LL_PrepareReceive
                0x0000000008007648       0x42 USB_DEVICE/Target/usbd_conf.o
                0x0000000008007648                USBD_LL_PrepareReceive
 *fill*         0x000000000800768a        0x2 
 .text.USBD_Get_USB_Status
                0x000000000800768c       0x58 USB_DEVICE/Target/usbd_conf.o
                0x000000000800768c                USBD_Get_USB_Status
 .text.__errno  0x00000000080076e4        0xc d:/programi/stm/stm32cubeide_1.4.0/stm32cubeide/plugins/com.st.stm32cube.ide.mcu.externaltools.gnu-tools-for-stm32.7-2018-q2-update.win32_1.4.0.202007081208/tools/bin/../lib/gcc/arm-none-eabi/7.3.1/../../../../arm-none-eabi/lib/thumb/v7e-m/fpv4-sp/hard\libc_nano.a(lib_a-errno.o)
                0x00000000080076e4                __errno
 .text.__libc_init_array
                0x00000000080076f0       0x48 d:/programi/stm/stm32cubeide_1.4.0/stm32cubeide/plugins/com.st.stm32cube.ide.mcu.externaltools.gnu-tools-for-stm32.7-2018-q2-update.win32_1.4.0.202007081208/tools/bin/../lib/gcc/arm-none-eabi/7.3.1/../../../../arm-none-eabi/lib/thumb/v7e-m/fpv4-sp/hard\libc_nano.a(lib_a-init.o)
                0x00000000080076f0                __libc_init_array
 .text.malloc   0x0000000008007738       0x10 d:/programi/stm/stm32cubeide_1.4.0/stm32cubeide/plugins/com.st.stm32cube.ide.mcu.externaltools.gnu-tools-for-stm32.7-2018-q2-update.win32_1.4.0.202007081208/tools/bin/../lib/gcc/arm-none-eabi/7.3.1/../../../../arm-none-eabi/lib/thumb/v7e-m/fpv4-sp/hard\libc_nano.a(lib_a-malloc.o)
                0x0000000008007738                malloc
 .text.free     0x0000000008007748       0x10 d:/programi/stm/stm32cubeide_1.4.0/stm32cubeide/plugins/com.st.stm32cube.ide.mcu.externaltools.gnu-tools-for-stm32.7-2018-q2-update.win32_1.4.0.202007081208/tools/bin/../lib/gcc/arm-none-eabi/7.3.1/../../../../arm-none-eabi/lib/thumb/v7e-m/fpv4-sp/hard\libc_nano.a(lib_a-malloc.o)
                0x0000000008007748                free
 .text.memset   0x0000000008007758       0x10 d:/programi/stm/stm32cubeide_1.4.0/stm32cubeide/plugins/com.st.stm32cube.ide.mcu.externaltools.gnu-tools-for-stm32.7-2018-q2-update.win32_1.4.0.202007081208/tools/bin/../lib/gcc/arm-none-eabi/7.3.1/../../../../arm-none-eabi/lib/thumb/v7e-m/fpv4-sp/hard\libc_nano.a(lib_a-memset.o)
                0x0000000008007758                memset
 .text._free_r  0x0000000008007768       0x9c d:/programi/stm/stm32cubeide_1.4.0/stm32cubeide/plugins/com.st.stm32cube.ide.mcu.externaltools.gnu-tools-for-stm32.7-2018-q2-update.win32_1.4.0.202007081208/tools/bin/../lib/gcc/arm-none-eabi/7.3.1/../../../../arm-none-eabi/lib/thumb/v7e-m/fpv4-sp/hard\libc_nano.a(lib_a-nano-freer.o)
                0x0000000008007768                _free_r
 .text._malloc_r
                0x0000000008007804       0xb4 d:/programi/stm/stm32cubeide_1.4.0/stm32cubeide/plugins/com.st.stm32cube.ide.mcu.externaltools.gnu-tools-for-stm32.7-2018-q2-update.win32_1.4.0.202007081208/tools/bin/../lib/gcc/arm-none-eabi/7.3.1/../../../../arm-none-eabi/lib/thumb/v7e-m/fpv4-sp/hard\libc_nano.a(lib_a-nano-mallocr.o)
                0x0000000008007804                _malloc_r
 .text._sbrk_r  0x00000000080078b8       0x20 d:/programi/stm/stm32cubeide_1.4.0/stm32cubeide/plugins/com.st.stm32cube.ide.mcu.externaltools.gnu-tools-for-stm32.7-2018-q2-update.win32_1.4.0.202007081208/tools/bin/../lib/gcc/arm-none-eabi/7.3.1/../../../../arm-none-eabi/lib/thumb/v7e-m/fpv4-sp/hard\libc_nano.a(lib_a-sbrkr.o)
                0x00000000080078b8                _sbrk_r
 .text.__malloc_lock
                0x00000000080078d8        0x2 d:/programi/stm/stm32cubeide_1.4.0/stm32cubeide/plugins/com.st.stm32cube.ide.mcu.externaltools.gnu-tools-for-stm32.7-2018-q2-update.win32_1.4.0.202007081208/tools/bin/../lib/gcc/arm-none-eabi/7.3.1/../../../../arm-none-eabi/lib/thumb/v7e-m/fpv4-sp/hard\libc_nano.a(lib_a-mlock.o)
                0x00000000080078d8                __malloc_lock
 .text.__malloc_unlock
                0x00000000080078da        0x2 d:/programi/stm/stm32cubeide_1.4.0/stm32cubeide/plugins/com.st.stm32cube.ide.mcu.externaltools.gnu-tools-for-stm32.7-2018-q2-update.win32_1.4.0.202007081208/tools/bin/../lib/gcc/arm-none-eabi/7.3.1/../../../../arm-none-eabi/lib/thumb/v7e-m/fpv4-sp/hard\libc_nano.a(lib_a-mlock.o)
                0x00000000080078da                __malloc_unlock
 *(.glue_7)
 .glue_7        0x00000000080078dc        0x0 linker stubs
 *(.glue_7t)
 .glue_7t       0x00000000080078dc        0x0 linker stubs
 *(.eh_frame)
 .eh_frame      0x00000000080078dc        0x0 d:/programi/stm/stm32cubeide_1.4.0/stm32cubeide/plugins/com.st.stm32cube.ide.mcu.externaltools.gnu-tools-for-stm32.7-2018-q2-update.win32_1.4.0.202007081208/tools/bin/../lib/gcc/arm-none-eabi/7.3.1/thumb/v7e-m/fpv4-sp/hard/crtbegin.o
 *(.init)
 .init          0x00000000080078dc        0x4 d:/programi/stm/stm32cubeide_1.4.0/stm32cubeide/plugins/com.st.stm32cube.ide.mcu.externaltools.gnu-tools-for-stm32.7-2018-q2-update.win32_1.4.0.202007081208/tools/bin/../lib/gcc/arm-none-eabi/7.3.1/thumb/v7e-m/fpv4-sp/hard/crti.o
                0x00000000080078dc                _init
 .init          0x00000000080078e0        0x8 d:/programi/stm/stm32cubeide_1.4.0/stm32cubeide/plugins/com.st.stm32cube.ide.mcu.externaltools.gnu-tools-for-stm32.7-2018-q2-update.win32_1.4.0.202007081208/tools/bin/../lib/gcc/arm-none-eabi/7.3.1/thumb/v7e-m/fpv4-sp/hard/crtn.o
 *(.fini)
 .fini          0x00000000080078e8        0x4 d:/programi/stm/stm32cubeide_1.4.0/stm32cubeide/plugins/com.st.stm32cube.ide.mcu.externaltools.gnu-tools-for-stm32.7-2018-q2-update.win32_1.4.0.202007081208/tools/bin/../lib/gcc/arm-none-eabi/7.3.1/thumb/v7e-m/fpv4-sp/hard/crti.o
                0x00000000080078e8                _fini
 .fini          0x00000000080078ec        0x8 d:/programi/stm/stm32cubeide_1.4.0/stm32cubeide/plugins/com.st.stm32cube.ide.mcu.externaltools.gnu-tools-for-stm32.7-2018-q2-update.win32_1.4.0.202007081208/tools/bin/../lib/gcc/arm-none-eabi/7.3.1/thumb/v7e-m/fpv4-sp/hard/crtn.o
                0x00000000080078f4                . = ALIGN (0x4)
                0x00000000080078f4                _etext = .

.vfp11_veneer   0x00000000080078f4        0x0
 .vfp11_veneer  0x00000000080078f4        0x0 linker stubs

.v4_bx          0x00000000080078f4        0x0
 .v4_bx         0x00000000080078f4        0x0 linker stubs

.iplt           0x00000000080078f4        0x0
 .iplt          0x00000000080078f4        0x0 d:/programi/stm/stm32cubeide_1.4.0/stm32cubeide/plugins/com.st.stm32cube.ide.mcu.externaltools.gnu-tools-for-stm32.7-2018-q2-update.win32_1.4.0.202007081208/tools/bin/../lib/gcc/arm-none-eabi/7.3.1/thumb/v7e-m/fpv4-sp/hard/crtbegin.o

.rodata         0x00000000080078f4       0x68
                0x00000000080078f4                . = ALIGN (0x4)
 *(.rodata)
 .rodata        0x00000000080078f4       0x4d USB_DEVICE/App/usbd_desc.o
 *(.rodata*)
 *fill*         0x0000000008007941        0x3 
 .rodata.AHBPrescTable
                0x0000000008007944       0x10 Core/Src/system_stm32f4xx.o
                0x0000000008007944                AHBPrescTable
 .rodata.APBPrescTable
                0x0000000008007954        0x8 Core/Src/system_stm32f4xx.o
                0x0000000008007954                APBPrescTable
                0x000000000800795c                . = ALIGN (0x4)

.ARM.extab      0x000000000800795c        0x0
                0x000000000800795c                . = ALIGN (0x4)
 *(.ARM.extab* .gnu.linkonce.armextab.*)
                0x000000000800795c                . = ALIGN (0x4)

.ARM            0x000000000800795c        0x8
                0x000000000800795c                . = ALIGN (0x4)
                0x000000000800795c                __exidx_start = .
 *(.ARM.exidx*)
 .ARM.exidx     0x000000000800795c        0x8 d:/programi/stm/stm32cubeide_1.4.0/stm32cubeide/plugins/com.st.stm32cube.ide.mcu.externaltools.gnu-tools-for-stm32.7-2018-q2-update.win32_1.4.0.202007081208/tools/bin/../lib/gcc/arm-none-eabi/7.3.1/thumb/v7e-m/fpv4-sp/hard\libgcc.a(_udivmoddi4.o)
                0x0000000008007964                __exidx_end = .
                0x0000000008007964                . = ALIGN (0x4)

.rel.dyn        0x0000000008007964        0x0
 .rel.iplt      0x0000000008007964        0x0 d:/programi/stm/stm32cubeide_1.4.0/stm32cubeide/plugins/com.st.stm32cube.ide.mcu.externaltools.gnu-tools-for-stm32.7-2018-q2-update.win32_1.4.0.202007081208/tools/bin/../lib/gcc/arm-none-eabi/7.3.1/thumb/v7e-m/fpv4-sp/hard/crtbegin.o

.preinit_array  0x0000000008007964        0x0
                0x0000000008007964                . = ALIGN (0x4)
                0x0000000008007964                PROVIDE (__preinit_array_start = .)
 *(.preinit_array*)
                0x0000000008007964                PROVIDE (__preinit_array_end = .)
                0x0000000008007964                . = ALIGN (0x4)

.init_array     0x0000000008007964        0x4
                0x0000000008007964                . = ALIGN (0x4)
                0x0000000008007964                PROVIDE (__init_array_start = .)
 *(SORT_BY_NAME(.init_array.*))
 *(.init_array*)
 .init_array    0x0000000008007964        0x4 d:/programi/stm/stm32cubeide_1.4.0/stm32cubeide/plugins/com.st.stm32cube.ide.mcu.externaltools.gnu-tools-for-stm32.7-2018-q2-update.win32_1.4.0.202007081208/tools/bin/../lib/gcc/arm-none-eabi/7.3.1/thumb/v7e-m/fpv4-sp/hard/crtbegin.o
                0x0000000008007968                PROVIDE (__init_array_end = .)
                0x0000000008007968                . = ALIGN (0x4)

.fini_array     0x0000000008007968        0x4
                0x0000000008007968                . = ALIGN (0x4)
                [!provide]                        PROVIDE (__fini_array_start = .)
 *(SORT_BY_NAME(.fini_array.*))
 *(.fini_array*)
 .fini_array    0x0000000008007968        0x4 d:/programi/stm/stm32cubeide_1.4.0/stm32cubeide/plugins/com.st.stm32cube.ide.mcu.externaltools.gnu-tools-for-stm32.7-2018-q2-update.win32_1.4.0.202007081208/tools/bin/../lib/gcc/arm-none-eabi/7.3.1/thumb/v7e-m/fpv4-sp/hard/crtbegin.o
                [!provide]                        PROVIDE (__fini_array_end = .)
                0x000000000800796c                . = ALIGN (0x4)
                0x000000000800796c                _sidata = LOADADDR (.data)

.data           0x0000000020000000      0x4dc load address 0x000000000800796c
                0x0000000020000000                . = ALIGN (0x4)
                0x0000000020000000                _sdata = .
 *(.data)
 *(.data*)
 .data.polje    0x0000000020000000      0x17c Core/Src/main.o
                0x0000000020000000                polje
 .data.polje_shift
                0x000000002000017c      0x17c Core/Src/main.o
                0x000000002000017c                polje_shift
 .data.SystemCoreClock
                0x00000000200002f8        0x4 Core/Src/system_stm32f4xx.o
                0x00000000200002f8                SystemCoreClock
 .data.uwTickPrio
                0x00000000200002fc        0x4 Drivers/STM32F4xx_HAL_Driver/Src/stm32f4xx_hal.o
                0x00000000200002fc                uwTickPrio
 .data.uwTickFreq
                0x0000000020000300        0x1 Drivers/STM32F4xx_HAL_Driver/Src/stm32f4xx_hal.o
                0x0000000020000300                uwTickFreq
 *fill*         0x0000000020000301        0x3 
 .data.USBD_CUSTOM_HID
                0x0000000020000304       0x38 Middlewares/ST/STM32_USB_Device_Library/Class/CustomHID/Src/usbd_customhid.o
                0x0000000020000304                USBD_CUSTOM_HID
 .data.USBD_CUSTOM_HID_CfgFSDesc
                0x000000002000033c       0x29 Middlewares/ST/STM32_USB_Device_Library/Class/CustomHID/Src/usbd_customhid.o
 *fill*         0x0000000020000365        0x3 
 .data.USBD_CUSTOM_HID_CfgHSDesc
                0x0000000020000368       0x29 Middlewares/ST/STM32_USB_Device_Library/Class/CustomHID/Src/usbd_customhid.o
 *fill*         0x0000000020000391        0x3 
 .data.USBD_CUSTOM_HID_OtherSpeedCfgDesc
                0x0000000020000394       0x29 Middlewares/ST/STM32_USB_Device_Library/Class/CustomHID/Src/usbd_customhid.o
 *fill*         0x00000000200003bd        0x3 
 .data.USBD_CUSTOM_HID_Desc
                0x00000000200003c0        0x9 Middlewares/ST/STM32_USB_Device_Library/Class/CustomHID/Src/usbd_customhid.o
 *fill*         0x00000000200003c9        0x3 
 .data.USBD_CUSTOM_HID_DeviceQualifierDesc
                0x00000000200003cc        0xa Middlewares/ST/STM32_USB_Device_Library/Class/CustomHID/Src/usbd_customhid.o
 *fill*         0x00000000200003d6        0x2 
 .data.CUSTOM_HID_ReportDesc_FS
                0x00000000200003d8       0x3f USB_DEVICE/App/usbd_custom_hid_if.o
 *fill*         0x0000000020000417        0x1 
 .data.USBD_CustomHID_fops_FS
                0x0000000020000418       0x10 USB_DEVICE/App/usbd_custom_hid_if.o
                0x0000000020000418                USBD_CustomHID_fops_FS
 .data.FS_Desc  0x0000000020000428       0x1c USB_DEVICE/App/usbd_desc.o
                0x0000000020000428                FS_Desc
 .data.USBD_FS_DeviceDesc
                0x0000000020000444       0x12 USB_DEVICE/App/usbd_desc.o
                0x0000000020000444                USBD_FS_DeviceDesc
 *fill*         0x0000000020000456        0x2 
 .data.USBD_LangIDDesc
                0x0000000020000458        0x4 USB_DEVICE/App/usbd_desc.o
                0x0000000020000458                USBD_LangIDDesc
 .data.USBD_StringSerial
                0x000000002000045c       0x1a USB_DEVICE/App/usbd_desc.o
                0x000000002000045c                USBD_StringSerial
 *fill*         0x0000000020000476        0x2 
 .data._impure_ptr
                0x0000000020000478        0x4 d:/programi/stm/stm32cubeide_1.4.0/stm32cubeide/plugins/com.st.stm32cube.ide.mcu.externaltools.gnu-tools-for-stm32.7-2018-q2-update.win32_1.4.0.202007081208/tools/bin/../lib/gcc/arm-none-eabi/7.3.1/../../../../arm-none-eabi/lib/thumb/v7e-m/fpv4-sp/hard\libc_nano.a(lib_a-impure.o)
                0x0000000020000478                _impure_ptr
 .data.impure_data
                0x000000002000047c       0x60 d:/programi/stm/stm32cubeide_1.4.0/stm32cubeide/plugins/com.st.stm32cube.ide.mcu.externaltools.gnu-tools-for-stm32.7-2018-q2-update.win32_1.4.0.202007081208/tools/bin/../lib/gcc/arm-none-eabi/7.3.1/../../../../arm-none-eabi/lib/thumb/v7e-m/fpv4-sp/hard\libc_nano.a(lib_a-impure.o)
                0x00000000200004dc                . = ALIGN (0x4)
                0x00000000200004dc                _edata = .

.igot.plt       0x00000000200004dc        0x0 load address 0x0000000008007e48
 .igot.plt      0x00000000200004dc        0x0 d:/programi/stm/stm32cubeide_1.4.0/stm32cubeide/plugins/com.st.stm32cube.ide.mcu.externaltools.gnu-tools-for-stm32.7-2018-q2-update.win32_1.4.0.202007081208/tools/bin/../lib/gcc/arm-none-eabi/7.3.1/thumb/v7e-m/fpv4-sp/hard/crtbegin.o
                0x00000000200004dc                . = ALIGN (0x4)

.bss            0x00000000200004dc      0xa54 load address 0x0000000008007e48
                0x00000000200004dc                _sbss = .
                0x00000000200004dc                __bss_start__ = _sbss
 *(.bss)
 .bss           0x00000000200004dc       0x1c d:/programi/stm/stm32cubeide_1.4.0/stm32cubeide/plugins/com.st.stm32cube.ide.mcu.externaltools.gnu-tools-for-stm32.7-2018-q2-update.win32_1.4.0.202007081208/tools/bin/../lib/gcc/arm-none-eabi/7.3.1/thumb/v7e-m/fpv4-sp/hard/crtbegin.o
 *(.bss*)
 .bss.tipkovnica
                0x00000000200004f8        0x9 Core/Src/main.o
                0x00000000200004f8                tipkovnica
 *fill*         0x0000000020000501        0x3 
 .bss.__sbrk_heap_end
                0x0000000020000504        0x4 Core/Src/sysmem.o
 .bss.cfgidx.10076
                0x0000000020000508        0x1 Middlewares/ST/STM32_USB_Device_Library/Core/Src/usbd_ctlreq.o
 *fill*         0x0000000020000509        0x3 
 .bss.__malloc_free_list
                0x000000002000050c        0x4 d:/programi/stm/stm32cubeide_1.4.0/stm32cubeide/plugins/com.st.stm32cube.ide.mcu.externaltools.gnu-tools-for-stm32.7-2018-q2-update.win32_1.4.0.202007081208/tools/bin/../lib/gcc/arm-none-eabi/7.3.1/../../../../arm-none-eabi/lib/thumb/v7e-m/fpv4-sp/hard\libc_nano.a(lib_a-nano-mallocr.o)
                0x000000002000050c                __malloc_free_list
 .bss.__malloc_sbrk_start
                0x0000000020000510        0x4 d:/programi/stm/stm32cubeide_1.4.0/stm32cubeide/plugins/com.st.stm32cube.ide.mcu.externaltools.gnu-tools-for-stm32.7-2018-q2-update.win32_1.4.0.202007081208/tools/bin/../lib/gcc/arm-none-eabi/7.3.1/../../../../arm-none-eabi/lib/thumb/v7e-m/fpv4-sp/hard\libc_nano.a(lib_a-nano-mallocr.o)
                0x0000000020000510                __malloc_sbrk_start
 *(COMMON)
 COMMON         0x0000000020000514      0x13c Core/Src/main.o
                0x0000000020000514                hi2c1
                0x0000000020000568                hspi1
                0x00000000200005c0                hi2s2
                0x0000000020000608                hi2s3
 COMMON         0x0000000020000650        0x4 Drivers/STM32F4xx_HAL_Driver/Src/stm32f4xx_hal.o
                0x0000000020000650                uwTick
 COMMON         0x0000000020000654      0x2d0 USB_DEVICE/App/usb_device.o
                0x0000000020000654                hUsbDeviceFS
 COMMON         0x0000000020000924      0x200 USB_DEVICE/App/usbd_desc.o
                0x0000000020000924                USBD_StrDesc
 COMMON         0x0000000020000b24      0x408 USB_DEVICE/Target/usbd_conf.o
                0x0000000020000b24                hpcd_USB_OTG_FS
 COMMON         0x0000000020000f2c        0x4 d:/programi/stm/stm32cubeide_1.4.0/stm32cubeide/plugins/com.st.stm32cube.ide.mcu.externaltools.gnu-tools-for-stm32.7-2018-q2-update.win32_1.4.0.202007081208/tools/bin/../lib/gcc/arm-none-eabi/7.3.1/../../../../arm-none-eabi/lib/thumb/v7e-m/fpv4-sp/hard\libc_nano.a(lib_a-reent.o)
                0x0000000020000f2c                errno
                0x0000000020000f30                . = ALIGN (0x4)
                0x0000000020000f30                _ebss = .
                0x0000000020000f30                __bss_end__ = _ebss

._user_heap_stack
                0x0000000020000f30      0x600 load address 0x0000000008007e48
                0x0000000020000f30                . = ALIGN (0x8)
                [!provide]                        PROVIDE (end = .)
                0x0000000020000f30                PROVIDE (_end = .)
                0x0000000020001130                . = (. + _Min_Heap_Size)
 *fill*         0x0000000020000f30      0x200 
                0x0000000020001530                . = (. + _Min_Stack_Size)
 *fill*         0x0000000020001130      0x400 
                0x0000000020001530                . = ALIGN (0x8)

/DISCARD/
 libc.a(*)
 libm.a(*)
 libgcc.a(*)

.ARM.attributes
                0x0000000000000000       0x30
 *(.ARM.attributes)
 .ARM.attributes
                0x0000000000000000       0x22 d:/programi/stm/stm32cubeide_1.4.0/stm32cubeide/plugins/com.st.stm32cube.ide.mcu.externaltools.gnu-tools-for-stm32.7-2018-q2-update.win32_1.4.0.202007081208/tools/bin/../lib/gcc/arm-none-eabi/7.3.1/thumb/v7e-m/fpv4-sp/hard/crti.o
 .ARM.attributes
                0x0000000000000022       0x34 d:/programi/stm/stm32cubeide_1.4.0/stm32cubeide/plugins/com.st.stm32cube.ide.mcu.externaltools.gnu-tools-for-stm32.7-2018-q2-update.win32_1.4.0.202007081208/tools/bin/../lib/gcc/arm-none-eabi/7.3.1/thumb/v7e-m/fpv4-sp/hard/crtbegin.o
 .ARM.attributes
                0x0000000000000056       0x39 Core/Src/main.o
 .ARM.attributes
                0x000000000000008f       0x39 Core/Src/stm32f4xx_hal_msp.o
 .ARM.attributes
                0x00000000000000c8       0x39 Core/Src/stm32f4xx_it.o
 .ARM.attributes
                0x0000000000000101       0x39 Core/Src/sysmem.o
 .ARM.attributes
                0x000000000000013a       0x39 Core/Src/system_stm32f4xx.o
 .ARM.attributes
                0x0000000000000173       0x21 Core/Startup/startup_stm32f411vetx.o
 .ARM.attributes
                0x0000000000000194       0x39 Drivers/STM32F4xx_HAL_Driver/Src/stm32f4xx_hal.o
 .ARM.attributes
                0x00000000000001cd       0x39 Drivers/STM32F4xx_HAL_Driver/Src/stm32f4xx_hal_cortex.o
 .ARM.attributes
                0x0000000000000206       0x39 Drivers/STM32F4xx_HAL_Driver/Src/stm32f4xx_hal_gpio.o
 .ARM.attributes
                0x000000000000023f       0x39 Drivers/STM32F4xx_HAL_Driver/Src/stm32f4xx_hal_i2c.o
 .ARM.attributes
                0x0000000000000278       0x39 Drivers/STM32F4xx_HAL_Driver/Src/stm32f4xx_hal_i2s.o
 .ARM.attributes
                0x00000000000002b1       0x39 Drivers/STM32F4xx_HAL_Driver/Src/stm32f4xx_hal_i2s_ex.o
 .ARM.attributes
                0x00000000000002ea       0x39 Drivers/STM32F4xx_HAL_Driver/Src/stm32f4xx_hal_pcd.o
 .ARM.attributes
                0x0000000000000323       0x39 Drivers/STM32F4xx_HAL_Driver/Src/stm32f4xx_hal_pcd_ex.o
 .ARM.attributes
                0x000000000000035c       0x39 Drivers/STM32F4xx_HAL_Driver/Src/stm32f4xx_hal_rcc.o
 .ARM.attributes
                0x0000000000000395       0x39 Drivers/STM32F4xx_HAL_Driver/Src/stm32f4xx_hal_rcc_ex.o
 .ARM.attributes
                0x00000000000003ce       0x39 Drivers/STM32F4xx_HAL_Driver/Src/stm32f4xx_hal_spi.o
 .ARM.attributes
                0x0000000000000407       0x39 Drivers/STM32F4xx_HAL_Driver/Src/stm32f4xx_ll_usb.o
 .ARM.attributes
                0x0000000000000440       0x39 Middlewares/ST/STM32_USB_Device_Library/Class/CustomHID/Src/usbd_customhid.o
 .ARM.attributes
                0x0000000000000479       0x39 Middlewares/ST/STM32_USB_Device_Library/Core/Src/usbd_core.o
 .ARM.attributes
                0x00000000000004b2       0x39 Middlewares/ST/STM32_USB_Device_Library/Core/Src/usbd_ctlreq.o
 .ARM.attributes
                0x00000000000004eb       0x39 Middlewares/ST/STM32_USB_Device_Library/Core/Src/usbd_ioreq.o
 .ARM.attributes
                0x0000000000000524       0x39 USB_DEVICE/App/usb_device.o
 .ARM.attributes
                0x000000000000055d       0x39 USB_DEVICE/App/usbd_custom_hid_if.o
 .ARM.attributes
                0x0000000000000596       0x39 USB_DEVICE/App/usbd_desc.o
 .ARM.attributes
                0x00000000000005cf       0x39 USB_DEVICE/Target/usbd_conf.o
 .ARM.attributes
                0x0000000000000608       0x34 d:/programi/stm/stm32cubeide_1.4.0/stm32cubeide/plugins/com.st.stm32cube.ide.mcu.externaltools.gnu-tools-for-stm32.7-2018-q2-update.win32_1.4.0.202007081208/tools/bin/../lib/gcc/arm-none-eabi/7.3.1/../../../../arm-none-eabi/lib/thumb/v7e-m/fpv4-sp/hard\libc_nano.a(lib_a-errno.o)
 .ARM.attributes
                0x000000000000063c       0x34 d:/programi/stm/stm32cubeide_1.4.0/stm32cubeide/plugins/com.st.stm32cube.ide.mcu.externaltools.gnu-tools-for-stm32.7-2018-q2-update.win32_1.4.0.202007081208/tools/bin/../lib/gcc/arm-none-eabi/7.3.1/../../../../arm-none-eabi/lib/thumb/v7e-m/fpv4-sp/hard\libc_nano.a(lib_a-impure.o)
 .ARM.attributes
                0x0000000000000670       0x34 d:/programi/stm/stm32cubeide_1.4.0/stm32cubeide/plugins/com.st.stm32cube.ide.mcu.externaltools.gnu-tools-for-stm32.7-2018-q2-update.win32_1.4.0.202007081208/tools/bin/../lib/gcc/arm-none-eabi/7.3.1/../../../../arm-none-eabi/lib/thumb/v7e-m/fpv4-sp/hard\libc_nano.a(lib_a-init.o)
 .ARM.attributes
                0x00000000000006a4       0x34 d:/programi/stm/stm32cubeide_1.4.0/stm32cubeide/plugins/com.st.stm32cube.ide.mcu.externaltools.gnu-tools-for-stm32.7-2018-q2-update.win32_1.4.0.202007081208/tools/bin/../lib/gcc/arm-none-eabi/7.3.1/../../../../arm-none-eabi/lib/thumb/v7e-m/fpv4-sp/hard\libc_nano.a(lib_a-malloc.o)
 .ARM.attributes
                0x00000000000006d8       0x34 d:/programi/stm/stm32cubeide_1.4.0/stm32cubeide/plugins/com.st.stm32cube.ide.mcu.externaltools.gnu-tools-for-stm32.7-2018-q2-update.win32_1.4.0.202007081208/tools/bin/../lib/gcc/arm-none-eabi/7.3.1/../../../../arm-none-eabi/lib/thumb/v7e-m/fpv4-sp/hard\libc_nano.a(lib_a-memset.o)
 .ARM.attributes
                0x000000000000070c       0x34 d:/programi/stm/stm32cubeide_1.4.0/stm32cubeide/plugins/com.st.stm32cube.ide.mcu.externaltools.gnu-tools-for-stm32.7-2018-q2-update.win32_1.4.0.202007081208/tools/bin/../lib/gcc/arm-none-eabi/7.3.1/../../../../arm-none-eabi/lib/thumb/v7e-m/fpv4-sp/hard\libc_nano.a(lib_a-nano-freer.o)
 .ARM.attributes
                0x0000000000000740       0x34 d:/programi/stm/stm32cubeide_1.4.0/stm32cubeide/plugins/com.st.stm32cube.ide.mcu.externaltools.gnu-tools-for-stm32.7-2018-q2-update.win32_1.4.0.202007081208/tools/bin/../lib/gcc/arm-none-eabi/7.3.1/../../../../arm-none-eabi/lib/thumb/v7e-m/fpv4-sp/hard\libc_nano.a(lib_a-nano-mallocr.o)
 .ARM.attributes
                0x0000000000000774       0x34 d:/programi/stm/stm32cubeide_1.4.0/stm32cubeide/plugins/com.st.stm32cube.ide.mcu.externaltools.gnu-tools-for-stm32.7-2018-q2-update.win32_1.4.0.202007081208/tools/bin/../lib/gcc/arm-none-eabi/7.3.1/../../../../arm-none-eabi/lib/thumb/v7e-m/fpv4-sp/hard\libc_nano.a(lib_a-sbrkr.o)
 .ARM.attributes
                0x00000000000007a8       0x34 d:/programi/stm/stm32cubeide_1.4.0/stm32cubeide/plugins/com.st.stm32cube.ide.mcu.externaltools.gnu-tools-for-stm32.7-2018-q2-update.win32_1.4.0.202007081208/tools/bin/../lib/gcc/arm-none-eabi/7.3.1/../../../../arm-none-eabi/lib/thumb/v7e-m/fpv4-sp/hard\libc_nano.a(lib_a-mlock.o)
 .ARM.attributes
                0x00000000000007dc       0x34 d:/programi/stm/stm32cubeide_1.4.0/stm32cubeide/plugins/com.st.stm32cube.ide.mcu.externaltools.gnu-tools-for-stm32.7-2018-q2-update.win32_1.4.0.202007081208/tools/bin/../lib/gcc/arm-none-eabi/7.3.1/../../../../arm-none-eabi/lib/thumb/v7e-m/fpv4-sp/hard\libc_nano.a(lib_a-reent.o)
 .ARM.attributes
                0x0000000000000810       0x22 d:/programi/stm/stm32cubeide_1.4.0/stm32cubeide/plugins/com.st.stm32cube.ide.mcu.externaltools.gnu-tools-for-stm32.7-2018-q2-update.win32_1.4.0.202007081208/tools/bin/../lib/gcc/arm-none-eabi/7.3.1/thumb/v7e-m/fpv4-sp/hard\libgcc.a(_aeabi_uldivmod.o)
 .ARM.attributes
                0x0000000000000832       0x34 d:/programi/stm/stm32cubeide_1.4.0/stm32cubeide/plugins/com.st.stm32cube.ide.mcu.externaltools.gnu-tools-for-stm32.7-2018-q2-update.win32_1.4.0.202007081208/tools/bin/../lib/gcc/arm-none-eabi/7.3.1/thumb/v7e-m/fpv4-sp/hard\libgcc.a(_udivmoddi4.o)
 .ARM.attributes
                0x0000000000000866       0x22 d:/programi/stm/stm32cubeide_1.4.0/stm32cubeide/plugins/com.st.stm32cube.ide.mcu.externaltools.gnu-tools-for-stm32.7-2018-q2-update.win32_1.4.0.202007081208/tools/bin/../lib/gcc/arm-none-eabi/7.3.1/thumb/v7e-m/fpv4-sp/hard\libgcc.a(_dvmd_tls.o)
 .ARM.attributes
                0x0000000000000888       0x22 d:/programi/stm/stm32cubeide_1.4.0/stm32cubeide/plugins/com.st.stm32cube.ide.mcu.externaltools.gnu-tools-for-stm32.7-2018-q2-update.win32_1.4.0.202007081208/tools/bin/../lib/gcc/arm-none-eabi/7.3.1/thumb/v7e-m/fpv4-sp/hard/crtn.o
OUTPUT(tipkovnica.elf elf32-littlearm)

.debug_info     0x0000000000000000    0x18967
 .debug_info    0x0000000000000000     0x1ed8 Core/Src/main.o
 .debug_info    0x0000000000001ed8      0xf92 Core/Src/stm32f4xx_hal_msp.o
 .debug_info    0x0000000000002e6a      0x675 Core/Src/stm32f4xx_it.o
 .debug_info    0x00000000000034df      0x985 Core/Src/sysmem.o
 .debug_info    0x0000000000003e64      0x57e Core/Src/system_stm32f4xx.o
 .debug_info    0x00000000000043e2       0x22 Core/Startup/startup_stm32f411vetx.o
 .debug_info    0x0000000000004404      0x8d5 Drivers/STM32F4xx_HAL_Driver/Src/stm32f4xx_hal.o
 .debug_info    0x0000000000004cd9      0xd98 Drivers/STM32F4xx_HAL_Driver/Src/stm32f4xx_hal_cortex.o
 .debug_info    0x0000000000005a71      0x7d7 Drivers/STM32F4xx_HAL_Driver/Src/stm32f4xx_hal_gpio.o
 .debug_info    0x0000000000006248     0x242b Drivers/STM32F4xx_HAL_Driver/Src/stm32f4xx_hal_i2c.o
 .debug_info    0x0000000000008673      0xe56 Drivers/STM32F4xx_HAL_Driver/Src/stm32f4xx_hal_i2s.o
 .debug_info    0x00000000000094c9      0xb6e Drivers/STM32F4xx_HAL_Driver/Src/stm32f4xx_hal_i2s_ex.o
 .debug_info    0x000000000000a037     0x11c2 Drivers/STM32F4xx_HAL_Driver/Src/stm32f4xx_hal_pcd.o
 .debug_info    0x000000000000b1f9      0x753 Drivers/STM32F4xx_HAL_Driver/Src/stm32f4xx_hal_pcd_ex.o
 .debug_info    0x000000000000b94c      0x92a Drivers/STM32F4xx_HAL_Driver/Src/stm32f4xx_hal_rcc.o
 .debug_info    0x000000000000c276      0x618 Drivers/STM32F4xx_HAL_Driver/Src/stm32f4xx_hal_rcc_ex.o
 .debug_info    0x000000000000c88e     0x1632 Drivers/STM32F4xx_HAL_Driver/Src/stm32f4xx_hal_spi.o
 .debug_info    0x000000000000dec0     0x18dd Drivers/STM32F4xx_HAL_Driver/Src/stm32f4xx_ll_usb.o
 .debug_info    0x000000000000f79d     0x12d6 Middlewares/ST/STM32_USB_Device_Library/Class/CustomHID/Src/usbd_customhid.o
 .debug_info    0x0000000000010a73     0x1285 Middlewares/ST/STM32_USB_Device_Library/Core/Src/usbd_core.o
 .debug_info    0x0000000000011cf8     0x123d Middlewares/ST/STM32_USB_Device_Library/Core/Src/usbd_ctlreq.o
 .debug_info    0x0000000000012f35      0xf88 Middlewares/ST/STM32_USB_Device_Library/Core/Src/usbd_ioreq.o
 .debug_info    0x0000000000013ebd      0xeab USB_DEVICE/App/usb_device.o
 .debug_info    0x0000000000014d68      0xf18 USB_DEVICE/App/usbd_custom_hid_if.o
 .debug_info    0x0000000000015c80      0xd20 USB_DEVICE/App/usbd_desc.o
 .debug_info    0x00000000000169a0     0x1fc7 USB_DEVICE/Target/usbd_conf.o

.debug_abbrev   0x0000000000000000     0x35b3
 .debug_abbrev  0x0000000000000000      0x2ad Core/Src/main.o
 .debug_abbrev  0x00000000000002ad      0x1c4 Core/Src/stm32f4xx_hal_msp.o
 .debug_abbrev  0x0000000000000471      0x164 Core/Src/stm32f4xx_it.o
 .debug_abbrev  0x00000000000005d5      0x19b Core/Src/sysmem.o
 .debug_abbrev  0x0000000000000770      0x12b Core/Src/system_stm32f4xx.o
 .debug_abbrev  0x000000000000089b       0x12 Core/Startup/startup_stm32f411vetx.o
 .debug_abbrev  0x00000000000008ad      0x1f2 Drivers/STM32F4xx_HAL_Driver/Src/stm32f4xx_hal.o
 .debug_abbrev  0x0000000000000a9f      0x2fa Drivers/STM32F4xx_HAL_Driver/Src/stm32f4xx_hal_cortex.o
 .debug_abbrev  0x0000000000000d99      0x1c9 Drivers/STM32F4xx_HAL_Driver/Src/stm32f4xx_hal_gpio.o
 .debug_abbrev  0x0000000000000f62      0x263 Drivers/STM32F4xx_HAL_Driver/Src/stm32f4xx_hal_i2c.o
 .debug_abbrev  0x00000000000011c5      0x22a Drivers/STM32F4xx_HAL_Driver/Src/stm32f4xx_hal_i2s.o
 .debug_abbrev  0x00000000000013ef      0x255 Drivers/STM32F4xx_HAL_Driver/Src/stm32f4xx_hal_i2s_ex.o
 .debug_abbrev  0x0000000000001644      0x266 Drivers/STM32F4xx_HAL_Driver/Src/stm32f4xx_hal_pcd.o
 .debug_abbrev  0x00000000000018aa      0x1cf Drivers/STM32F4xx_HAL_Driver/Src/stm32f4xx_hal_pcd_ex.o
 .debug_abbrev  0x0000000000001a79      0x245 Drivers/STM32F4xx_HAL_Driver/Src/stm32f4xx_hal_rcc.o
 .debug_abbrev  0x0000000000001cbe      0x173 Drivers/STM32F4xx_HAL_Driver/Src/stm32f4xx_hal_rcc_ex.o
 .debug_abbrev  0x0000000000001e31      0x240 Drivers/STM32F4xx_HAL_Driver/Src/stm32f4xx_hal_spi.o
 .debug_abbrev  0x0000000000002071      0x26d Drivers/STM32F4xx_HAL_Driver/Src/stm32f4xx_ll_usb.o
 .debug_abbrev  0x00000000000022de      0x2a2 Middlewares/ST/STM32_USB_Device_Library/Class/CustomHID/Src/usbd_customhid.o
 .debug_abbrev  0x0000000000002580      0x27d Middlewares/ST/STM32_USB_Device_Library/Core/Src/usbd_core.o
 .debug_abbrev  0x00000000000027fd      0x2ba Middlewares/ST/STM32_USB_Device_Library/Core/Src/usbd_ctlreq.o
 .debug_abbrev  0x0000000000002ab7      0x1fc Middlewares/ST/STM32_USB_Device_Library/Core/Src/usbd_ioreq.o
 .debug_abbrev  0x0000000000002cb3      0x1da USB_DEVICE/App/usb_device.o
 .debug_abbrev  0x0000000000002e8d      0x211 USB_DEVICE/App/usbd_custom_hid_if.o
 .debug_abbrev  0x000000000000309e      0x265 USB_DEVICE/App/usbd_desc.o
 .debug_abbrev  0x0000000000003303      0x2b0 USB_DEVICE/Target/usbd_conf.o

.debug_aranges  0x0000000000000000     0x1198
 .debug_aranges
                0x0000000000000000       0x68 Core/Src/main.o
 .debug_aranges
                0x0000000000000068       0x50 Core/Src/stm32f4xx_hal_msp.o
 .debug_aranges
                0x00000000000000b8       0x68 Core/Src/stm32f4xx_it.o
 .debug_aranges
                0x0000000000000120       0x20 Core/Src/sysmem.o
 .debug_aranges
                0x0000000000000140       0x28 Core/Src/system_stm32f4xx.o
 .debug_aranges
                0x0000000000000168       0x28 Core/Startup/startup_stm32f411vetx.o
 .debug_aranges
                0x0000000000000190       0xf0 Drivers/STM32F4xx_HAL_Driver/Src/stm32f4xx_hal.o
 .debug_aranges
                0x0000000000000280      0x118 Drivers/STM32F4xx_HAL_Driver/Src/stm32f4xx_hal_cortex.o
 .debug_aranges
                0x0000000000000398       0x58 Drivers/STM32F4xx_HAL_Driver/Src/stm32f4xx_hal_gpio.o
 .debug_aranges
                0x00000000000003f0      0x2a0 Drivers/STM32F4xx_HAL_Driver/Src/stm32f4xx_hal_i2c.o
 .debug_aranges
                0x0000000000000690      0x108 Drivers/STM32F4xx_HAL_Driver/Src/stm32f4xx_hal_i2s.o
 .debug_aranges
                0x0000000000000798       0x88 Drivers/STM32F4xx_HAL_Driver/Src/stm32f4xx_hal_i2s_ex.o
 .debug_aranges
                0x0000000000000820      0x138 Drivers/STM32F4xx_HAL_Driver/Src/stm32f4xx_hal_pcd.o
 .debug_aranges
                0x0000000000000958       0x38 Drivers/STM32F4xx_HAL_Driver/Src/stm32f4xx_hal_pcd_ex.o
 .debug_aranges
                0x0000000000000990       0x88 Drivers/STM32F4xx_HAL_Driver/Src/stm32f4xx_hal_rcc.o
 .debug_aranges
                0x0000000000000a18       0x50 Drivers/STM32F4xx_HAL_Driver/Src/stm32f4xx_hal_rcc_ex.o
 .debug_aranges
                0x0000000000000a68      0x1d0 Drivers/STM32F4xx_HAL_Driver/Src/stm32f4xx_hal_spi.o
 .debug_aranges
                0x0000000000000c38      0x198 Drivers/STM32F4xx_HAL_Driver/Src/stm32f4xx_ll_usb.o
 .debug_aranges
                0x0000000000000dd0       0x80 Middlewares/ST/STM32_USB_Device_Library/Class/CustomHID/Src/usbd_customhid.o
 .debug_aranges
                0x0000000000000e50       0xb8 Middlewares/ST/STM32_USB_Device_Library/Core/Src/usbd_core.o
 .debug_aranges
                0x0000000000000f08       0x90 Middlewares/ST/STM32_USB_Device_Library/Core/Src/usbd_ctlreq.o
 .debug_aranges
                0x0000000000000f98       0x50 Middlewares/ST/STM32_USB_Device_Library/Core/Src/usbd_ioreq.o
 .debug_aranges
                0x0000000000000fe8       0x20 USB_DEVICE/App/usb_device.o
 .debug_aranges
                0x0000000000001008       0x30 USB_DEVICE/App/usbd_custom_hid_if.o
 .debug_aranges
                0x0000000000001038       0x60 USB_DEVICE/App/usbd_desc.o
 .debug_aranges
                0x0000000000001098      0x100 USB_DEVICE/Target/usbd_conf.o

.debug_ranges   0x0000000000000000     0x1028
 .debug_ranges  0x0000000000000000       0x58 Core/Src/main.o
 .debug_ranges  0x0000000000000058       0x40 Core/Src/stm32f4xx_hal_msp.o
 .debug_ranges  0x0000000000000098       0x58 Core/Src/stm32f4xx_it.o
 .debug_ranges  0x00000000000000f0       0x10 Core/Src/sysmem.o
 .debug_ranges  0x0000000000000100       0x18 Core/Src/system_stm32f4xx.o
 .debug_ranges  0x0000000000000118       0x20 Core/Startup/startup_stm32f411vetx.o
 .debug_ranges  0x0000000000000138       0xe0 Drivers/STM32F4xx_HAL_Driver/Src/stm32f4xx_hal.o
 .debug_ranges  0x0000000000000218      0x108 Drivers/STM32F4xx_HAL_Driver/Src/stm32f4xx_hal_cortex.o
 .debug_ranges  0x0000000000000320       0x48 Drivers/STM32F4xx_HAL_Driver/Src/stm32f4xx_hal_gpio.o
 .debug_ranges  0x0000000000000368      0x2b8 Drivers/STM32F4xx_HAL_Driver/Src/stm32f4xx_hal_i2c.o
 .debug_ranges  0x0000000000000620       0xf8 Drivers/STM32F4xx_HAL_Driver/Src/stm32f4xx_hal_i2s.o
 .debug_ranges  0x0000000000000718       0x78 Drivers/STM32F4xx_HAL_Driver/Src/stm32f4xx_hal_i2s_ex.o
 .debug_ranges  0x0000000000000790      0x128 Drivers/STM32F4xx_HAL_Driver/Src/stm32f4xx_hal_pcd.o
 .debug_ranges  0x00000000000008b8       0x28 Drivers/STM32F4xx_HAL_Driver/Src/stm32f4xx_hal_pcd_ex.o
 .debug_ranges  0x00000000000008e0       0x78 Drivers/STM32F4xx_HAL_Driver/Src/stm32f4xx_hal_rcc.o
 .debug_ranges  0x0000000000000958       0x40 Drivers/STM32F4xx_HAL_Driver/Src/stm32f4xx_hal_rcc_ex.o
 .debug_ranges  0x0000000000000998      0x1c0 Drivers/STM32F4xx_HAL_Driver/Src/stm32f4xx_hal_spi.o
 .debug_ranges  0x0000000000000b58      0x188 Drivers/STM32F4xx_HAL_Driver/Src/stm32f4xx_ll_usb.o
 .debug_ranges  0x0000000000000ce0       0x70 Middlewares/ST/STM32_USB_Device_Library/Class/CustomHID/Src/usbd_customhid.o
 .debug_ranges  0x0000000000000d50       0xa8 Middlewares/ST/STM32_USB_Device_Library/Core/Src/usbd_core.o
 .debug_ranges  0x0000000000000df8       0x80 Middlewares/ST/STM32_USB_Device_Library/Core/Src/usbd_ctlreq.o
 .debug_ranges  0x0000000000000e78       0x40 Middlewares/ST/STM32_USB_Device_Library/Core/Src/usbd_ioreq.o
 .debug_ranges  0x0000000000000eb8       0x10 USB_DEVICE/App/usb_device.o
 .debug_ranges  0x0000000000000ec8       0x20 USB_DEVICE/App/usbd_custom_hid_if.o
 .debug_ranges  0x0000000000000ee8       0x50 USB_DEVICE/App/usbd_desc.o
 .debug_ranges  0x0000000000000f38       0xf0 USB_DEVICE/Target/usbd_conf.o

.debug_macro    0x0000000000000000    0x19c4f
 .debug_macro   0x0000000000000000      0x446 Core/Src/main.o
 .debug_macro   0x0000000000000446      0xa5a Core/Src/main.o
 .debug_macro   0x0000000000000ea0      0x2a0 Core/Src/main.o
 .debug_macro   0x0000000000001140       0x2e Core/Src/main.o
 .debug_macro   0x000000000000116e       0x28 Core/Src/main.o
 .debug_macro   0x0000000000001196       0x22 Core/Src/main.o
 .debug_macro   0x00000000000011b8       0x8e Core/Src/main.o
 .debug_macro   0x0000000000001246       0x51 Core/Src/main.o
 .debug_macro   0x0000000000001297       0xef Core/Src/main.o
 .debug_macro   0x0000000000001386       0x6a Core/Src/main.o
 .debug_macro   0x00000000000013f0      0x1df Core/Src/main.o
 .debug_macro   0x00000000000015cf       0x1c Core/Src/main.o
 .debug_macro   0x00000000000015eb       0x22 Core/Src/main.o
 .debug_macro   0x000000000000160d       0xdf Core/Src/main.o
 .debug_macro   0x00000000000016ec     0x102d Core/Src/main.o
 .debug_macro   0x0000000000002719      0x11f Core/Src/main.o
 .debug_macro   0x0000000000002838     0xb937 Core/Src/main.o
 .debug_macro   0x000000000000e16f       0x43 Core/Src/main.o
 .debug_macro   0x000000000000e1b2     0x3659 Core/Src/main.o
 .debug_macro   0x000000000001180b      0x174 Core/Src/main.o
 .debug_macro   0x000000000001197f       0x5a Core/Src/main.o
 .debug_macro   0x00000000000119d9      0x447 Core/Src/main.o
 .debug_macro   0x0000000000011e20      0x9fe Core/Src/main.o
 .debug_macro   0x000000000001281e      0x117 Core/Src/main.o
 .debug_macro   0x0000000000012935      0x11b Core/Src/main.o
 .debug_macro   0x0000000000012a50       0x27 Core/Src/main.o
 .debug_macro   0x0000000000012a77      0x15f Core/Src/main.o
 .debug_macro   0x0000000000012bd6      0x287 Core/Src/main.o
 .debug_macro   0x0000000000012e5d       0x5f Core/Src/main.o
 .debug_macro   0x0000000000012ebc      0x236 Core/Src/main.o
 .debug_macro   0x00000000000130f2      0x132 Core/Src/main.o
 .debug_macro   0x0000000000013224      0x264 Core/Src/main.o
 .debug_macro   0x0000000000013488       0x2e Core/Src/main.o
 .debug_macro   0x00000000000134b6      0x1b5 Core/Src/main.o
 .debug_macro   0x000000000001366b       0x22 Core/Src/main.o
 .debug_macro   0x000000000001368d       0xd6 Core/Src/main.o
 .debug_macro   0x0000000000013763      0x1a7 Core/Src/main.o
 .debug_macro   0x000000000001390a       0x46 Core/Src/main.o
 .debug_macro   0x0000000000013950       0x4a Core/Src/main.o
 .debug_macro   0x000000000001399a      0x11a Core/Src/main.o
 .debug_macro   0x0000000000013ab4       0x85 Core/Src/main.o
 .debug_macro   0x0000000000013b39       0x89 Core/Src/main.o
 .debug_macro   0x0000000000013bc2      0x225 Core/Src/main.o
 .debug_macro   0x0000000000013de7      0x21e Core/Src/main.o
 .debug_macro   0x0000000000014005       0xba Core/Src/main.o
 .debug_macro   0x00000000000140bf      0x126 Core/Src/main.o
 .debug_macro   0x00000000000141e5      0x19d Core/Src/main.o
 .debug_macro   0x0000000000014382       0x46 Core/Src/main.o
 .debug_macro   0x00000000000143c8       0x18 Core/Src/main.o
 .debug_macro   0x00000000000143e0       0x3c Core/Src/main.o
 .debug_macro   0x000000000001441c       0x34 Core/Src/main.o
 .debug_macro   0x0000000000014450       0x16 Core/Src/main.o
 .debug_macro   0x0000000000014466       0x35 Core/Src/main.o
 .debug_macro   0x000000000001449b      0x32a Core/Src/main.o
 .debug_macro   0x00000000000147c5       0x10 Core/Src/main.o
 .debug_macro   0x00000000000147d5       0x52 Core/Src/main.o
 .debug_macro   0x0000000000014827       0x1f Core/Src/main.o
 .debug_macro   0x0000000000014846       0x43 Core/Src/main.o
 .debug_macro   0x0000000000014889       0x20 Core/Src/main.o
 .debug_macro   0x00000000000148a9      0x1a3 Core/Src/main.o
 .debug_macro   0x0000000000014a4c       0x10 Core/Src/main.o
 .debug_macro   0x0000000000014a5c       0x1c Core/Src/main.o
 .debug_macro   0x0000000000014a78       0x52 Core/Src/main.o
 .debug_macro   0x0000000000014aca       0x40 Core/Src/main.o
 .debug_macro   0x0000000000014b0a       0x10 Core/Src/main.o
 .debug_macro   0x0000000000014b1a       0x40 Core/Src/main.o
 .debug_macro   0x0000000000014b5a       0xd7 Core/Src/main.o
 .debug_macro   0x0000000000014c31       0x1c Core/Src/main.o
 .debug_macro   0x0000000000014c4d       0x3d Core/Src/main.o
 .debug_macro   0x0000000000014c8a       0x16 Core/Src/main.o
 .debug_macro   0x0000000000014ca0      0x145 Core/Src/main.o
 .debug_macro   0x0000000000014de5       0x16 Core/Src/main.o
 .debug_macro   0x0000000000014dfb       0x16 Core/Src/main.o
 .debug_macro   0x0000000000014e11       0x29 Core/Src/main.o
 .debug_macro   0x0000000000014e3a       0x16 Core/Src/main.o
 .debug_macro   0x0000000000014e50       0x20 Core/Src/main.o
 .debug_macro   0x0000000000014e70       0x78 Core/Src/main.o
 .debug_macro   0x0000000000014ee8      0x1c4 Core/Src/main.o
 .debug_macro   0x00000000000150ac       0x65 Core/Src/main.o
 .debug_macro   0x0000000000015111      0x21f Core/Src/stm32f4xx_hal_msp.o
 .debug_macro   0x0000000000015330      0x229 Core/Src/stm32f4xx_it.o
 .debug_macro   0x0000000000015559       0xee Core/Src/sysmem.o
 .debug_macro   0x0000000000015647      0x23b Core/Src/sysmem.o
 .debug_macro   0x0000000000015882      0x216 Core/Src/system_stm32f4xx.o
 .debug_macro   0x0000000000015a98      0x270 Drivers/STM32F4xx_HAL_Driver/Src/stm32f4xx_hal.o
 .debug_macro   0x0000000000015d08      0x210 Drivers/STM32F4xx_HAL_Driver/Src/stm32f4xx_hal_cortex.o
 .debug_macro   0x0000000000015f18      0x246 Drivers/STM32F4xx_HAL_Driver/Src/stm32f4xx_hal_gpio.o
 .debug_macro   0x000000000001615e      0x257 Drivers/STM32F4xx_HAL_Driver/Src/stm32f4xx_hal_i2c.o
 .debug_macro   0x00000000000163b5      0x218 Drivers/STM32F4xx_HAL_Driver/Src/stm32f4xx_hal_i2s.o
 .debug_macro   0x00000000000165cd      0x210 Drivers/STM32F4xx_HAL_Driver/Src/stm32f4xx_hal_i2s_ex.o
 .debug_macro   0x00000000000167dd      0x21c Drivers/STM32F4xx_HAL_Driver/Src/stm32f4xx_hal_pcd.o
 .debug_macro   0x00000000000169f9      0x210 Drivers/STM32F4xx_HAL_Driver/Src/stm32f4xx_hal_pcd_ex.o
 .debug_macro   0x0000000000016c09      0x234 Drivers/STM32F4xx_HAL_Driver/Src/stm32f4xx_hal_rcc.o
 .debug_macro   0x0000000000016e3d      0x210 Drivers/STM32F4xx_HAL_Driver/Src/stm32f4xx_hal_rcc_ex.o
 .debug_macro   0x000000000001704d      0x21f Drivers/STM32F4xx_HAL_Driver/Src/stm32f4xx_hal_spi.o
 .debug_macro   0x000000000001726c      0x210 Drivers/STM32F4xx_HAL_Driver/Src/stm32f4xx_ll_usb.o
 .debug_macro   0x000000000001747c      0x42c Middlewares/ST/STM32_USB_Device_Library/Class/CustomHID/Src/usbd_customhid.o
 .debug_macro   0x00000000000178a8       0x97 Middlewares/ST/STM32_USB_Device_Library/Class/CustomHID/Src/usbd_customhid.o
 .debug_macro   0x000000000001793f       0xfd Middlewares/ST/STM32_USB_Device_Library/Class/CustomHID/Src/usbd_customhid.o
 .debug_macro   0x0000000000017a3c       0xd9 Middlewares/ST/STM32_USB_Device_Library/Class/CustomHID/Src/usbd_customhid.o
 .debug_macro   0x0000000000017b15       0x54 Middlewares/ST/STM32_USB_Device_Library/Class/CustomHID/Src/usbd_customhid.o
 .debug_macro   0x0000000000017b69      0x413 Middlewares/ST/STM32_USB_Device_Library/Core/Src/usbd_core.o
 .debug_macro   0x0000000000017f7c      0x1ca Middlewares/ST/STM32_USB_Device_Library/Core/Src/usbd_core.o
 .debug_macro   0x0000000000018146      0x41d Middlewares/ST/STM32_USB_Device_Library/Core/Src/usbd_ctlreq.o
 .debug_macro   0x0000000000018563      0x419 Middlewares/ST/STM32_USB_Device_Library/Core/Src/usbd_ioreq.o
 .debug_macro   0x000000000001897c      0x44d USB_DEVICE/App/usb_device.o
 .debug_macro   0x0000000000018dc9      0x1a3 USB_DEVICE/App/usb_device.o
 .debug_macro   0x0000000000018f6c       0x22 USB_DEVICE/App/usb_device.o
 .debug_macro   0x0000000000018f8e      0x432 USB_DEVICE/App/usbd_custom_hid_if.o
 .debug_macro   0x00000000000193c0      0x456 USB_DEVICE/App/usbd_desc.o
 .debug_macro   0x0000000000019816       0x1c USB_DEVICE/App/usbd_desc.o
 .debug_macro   0x0000000000019832      0x41d USB_DEVICE/Target/usbd_conf.o

.debug_line     0x0000000000000000    0x123cd
 .debug_line    0x0000000000000000      0xc66 Core/Src/main.o
 .debug_line    0x0000000000000c66      0x819 Core/Src/stm32f4xx_hal_msp.o
 .debug_line    0x000000000000147f      0x816 Core/Src/stm32f4xx_it.o
 .debug_line    0x0000000000001c95      0x4f9 Core/Src/sysmem.o
 .debug_line    0x000000000000218e      0x77b Core/Src/system_stm32f4xx.o
 .debug_line    0x0000000000002909       0x85 Core/Startup/startup_stm32f411vetx.o
 .debug_line    0x000000000000298e      0x965 Drivers/STM32F4xx_HAL_Driver/Src/stm32f4xx_hal.o
 .debug_line    0x00000000000032f3      0xa89 Drivers/STM32F4xx_HAL_Driver/Src/stm32f4xx_hal_cortex.o
 .debug_line    0x0000000000003d7c      0x908 Drivers/STM32F4xx_HAL_Driver/Src/stm32f4xx_hal_gpio.o
 .debug_line    0x0000000000004684     0x1c13 Drivers/STM32F4xx_HAL_Driver/Src/stm32f4xx_hal_i2c.o
 .debug_line    0x0000000000006297      0xe01 Drivers/STM32F4xx_HAL_Driver/Src/stm32f4xx_hal_i2s.o
 .debug_line    0x0000000000007098      0xf2f Drivers/STM32F4xx_HAL_Driver/Src/stm32f4xx_hal_i2s_ex.o
 .debug_line    0x0000000000007fc7      0xd0f Drivers/STM32F4xx_HAL_Driver/Src/stm32f4xx_hal_pcd.o
 .debug_line    0x0000000000008cd6      0x7be Drivers/STM32F4xx_HAL_Driver/Src/stm32f4xx_hal_pcd_ex.o
 .debug_line    0x0000000000009494      0x9bd Drivers/STM32F4xx_HAL_Driver/Src/stm32f4xx_hal_rcc.o
 .debug_line    0x0000000000009e51      0x8a2 Drivers/STM32F4xx_HAL_Driver/Src/stm32f4xx_hal_rcc_ex.o
 .debug_line    0x000000000000a6f3     0x1121 Drivers/STM32F4xx_HAL_Driver/Src/stm32f4xx_hal_spi.o
 .debug_line    0x000000000000b814      0xe90 Drivers/STM32F4xx_HAL_Driver/Src/stm32f4xx_ll_usb.o
 .debug_line    0x000000000000c6a4      0xbf7 Middlewares/ST/STM32_USB_Device_Library/Class/CustomHID/Src/usbd_customhid.o
 .debug_line    0x000000000000d29b      0xc47 Middlewares/ST/STM32_USB_Device_Library/Core/Src/usbd_core.o
 .debug_line    0x000000000000dee2      0xd3a Middlewares/ST/STM32_USB_Device_Library/Core/Src/usbd_ctlreq.o
 .debug_line    0x000000000000ec1c      0xac5 Middlewares/ST/STM32_USB_Device_Library/Core/Src/usbd_ioreq.o
 .debug_line    0x000000000000f6e1      0xaba USB_DEVICE/App/usb_device.o